---
source: crates/cli/tests/spike.rs
expression: a.content_only().to_json()
---
{
  "width": 430080,
  "height": 307200,
  "items": [
    {
      "type": "glyphs",
      "face": {
        "family": "Source Serif Pro",
        "hash": "199c8adc83479480d9aa5d942afe8f52"
      },
      "size": 11264,
      "color": [
        0,
        0,
        0,
        255
      ],
      "glyphs": [
        {
          "id": 21,
          "x": 36864,
          "y": 47571
        },
        {
          "id": 35,
          "x": 43667,
          "y": 47571
        },
        {
          "id": 32,
          "x": 50437,
          "y": 47571
        },
        {
          "id": 1,
          "x": 56182,
          "y": 47571
        },
        {
          "id": 35,
          "x": 58807,
          "y": 47571
        },
        {
          "id": 42,
          "x": 65577,
          "y": 47571
        },
        {
          "id": 48,
          "x": 71648,
          "y": 47571
        },
        {
          "id": 46,
          "x": 78215,
          "y": 47571
        },
        {
          "id": 32,
          "x": 83104,
          "y": 47571
        },
        {
          "id": 1,
          "x": 88849,
          "y": 47571
        },
        {
          "id": 50,
          "x": 91474,
          "y": 47571
        },
        {
          "id": 28,
          "x": 99899,
          "y": 47571
        },
        {
          "id": 46,
          "x": 105632,
          "y": 47571
        },
        {
          "id": 1,
          "x": 110521,
          "y": 47571
        },
        {
          "id": 28,
          "x": 113146,
          "y": 47571
        },
        {
          "id": 1,
          "x": 118879,
          "y": 47571
        },
        {
          "id": 39,
          "x": 121504,
          "y": 47571
        },
        {
          "id": 36,
          "x": 124861,
          "y": 47571
        },
        {
          "id": 47,
          "x": 128218,
          "y": 47571
        },
        {
          "id": 47,
          "x": 131980,
          "y": 47571
        },
        {
          "id": 39,
          "x": 135641,
          "y": 47571
        },
        {
          "id": 32,
          "x": 138998,
          "y": 47571
        },
        {
          "id": 1,
          "x": 144743,
          "y": 47571
        },
        {
          "id": 39,
          "x": 147368,
          "y": 47571
        },
        {
          "id": 28,
          "x": 150612,
          "y": 47571
        },
        {
          "id": 45,
          "x": 156289,
          "y": 47571
        },
        {
          "id": 34,
          "x": 160941,
          "y": 47571
        },
        {
          "id": 32,
          "x": 166663,
          "y": 47571
        },
        {
          "id": 45,
          "x": 172408,
          "y": 47571
        },
        {
          "id": 1,
          "x": 177173,
          "y": 47571
        },
        {
          "id": 42,
          "x": 179798,
          "y": 47571
        },
        {
          "id": 41,
          "x": 185982,
          "y": 47571
        },
        {
          "id": 1,
          "x": 192808,
          "y": 47571
        },
        {
          "id": 47,
          "x": 195433,
          "y": 47571
        },
        {
          "id": 35,
          "x": 199094,
          "y": 47571
        },
        {
          "id": 32,
          "x": 205864,
          "y": 47571
        },
        {
          "id": 1,
          "x": 211609,
          "y": 47571
        },
        {
          "id": 36,
          "x": 214234,
          "y": 47571
        },
        {
          "id": 41,
          "x": 217591,
          "y": 47571
        },
        {
          "id": 46,
          "x": 224417,
          "y": 47571
        },
        {
          "id": 36,
          "x": 229306,
          "y": 47571
        },
        {
          "id": 31,
          "x": 232663,
          "y": 47571
        },
        {
          "id": 32,
          "x": 239050,
          "y": 47571
        },
        {
          "id": 1,
          "x": 244795,
          "y": 47571
        }
      ]
    },
    {
      "type": "glyphs",
      "face": {
        "family": "Source Serif Pro",
        "hash": "199c8adc83479480d9aa5d942afe8f52"
      },
      "size": 11264,
      "color": [
        0,
        0,
        0,
        255
      ],
      "glyphs": [
        {
          "id": 47,
          "x": 36864,
          "y": 61088
        },
        {
          "id": 35,
          "x": 40525,
          "y": 61088
        },
        {
          "id": 28,
          "x": 47295,
          "y": 61088
        },
        {
          "id": 41,
          "x": 52972,
          "y": 61088
        },
        {
          "id": 1,
          "x": 59798,
          "y": 61088
        },
        {
          "id": 42,
          "x": 62423,
          "y": 61088
        },
        {
          "id": 41,
          "x": 68607,
          "y": 61088
        },
        {
          "id": 1,
          "x": 75433,
          "y": 61088
        },
        {
          "id": 47,
          "x": 78058,
          "y": 61088
        },
        {
          "id": 35,
          "x": 81719,
          "y": 61088
        },
        {
          "id": 32,
          "x": 88489,
          "y": 61088
        },
        {
          "id": 1,
          "x": 94234,
          "y": 61088
        },
        {
          "id": 42,
          "x": 96859,
          "y": 61088
        },
        {
          "id": 48,
          "x": 102930,
          "y": 61088
        },
        {
          "id": 47,
          "x": 109497,
          "y": 61088
        },
        {
          "id": 46,
          "x": 113158,
          "y": 61088
        },
        {
          "id": 36,
          "x": 118047,
          "y": 61088
        },
        {
          "id": 31,
          "x": 121404,
          "y": 61088
        },
        {
          "id": 32,
          "x": 127791,
          "y": 61088
        },
        {
          "id": 473,
          "x": 133209,
          "y": 61088
        },
        {
          "id": 1,
          "x": 136588,
          "y": 61088
        },
        {
          "id": 15,
          "x": 139213,
          "y": 61088
        },
        {
          "id": 42,
          "x": 147357,
          "y": 61088
        },
        {
          "id": 29,
          "x": 153428,
          "y": 61088
        },
        {
          "id": 42,
          "x": 159927,
          "y": 61088
        },
        {
          "id": 31,
          "x": 166111,
          "y": 61088
        },
        {
          "id": 52,
          "x": 172385,
          "y": 61088
        },
        {
          "id": 1,
          "x": 178152,
          "y": 61088
        },
        {
          "id": 40,
          "x": 180777,
          "y": 61088
        },
        {
          "id": 32,
          "x": 190926,
          "y": 61088
        },
        {
          "id": 28,
          "x": 196558,
          "y": 61088
        },
        {
          "id": 46,
          "x": 202291,
          "y": 61088
        },
        {
          "id": 48,
          "x": 207180,
          "y": 61088
        },
        {
          "id": 45,
          "x": 213747,
          "y": 61088
        },
        {
          "id": 32,
          "x": 218399,
          "y": 61088
        },
        {
          "id": 31,
          "x": 224144,
          "y": 61088
        },
        {
          "id": 1,
          "x": 230531,
          "y": 61088
        },
        {
          "id": 36,
          "x": 233156,
          "y": 61088
        },
        {
          "id": 47,
          "x": 236513,
          "y": 61088
        },
        {
          "id": 1,
          "x": 240174,
          "y": 61088
        },
        {
          "id": 28,
          "x": 242799,
          "y": 61088
        },
        {
          "id": 47,
          "x": 248532,
          "y": 61088
        },
        {
          "id": 1,
          "x": 252193,
          "y": 61088
        }
      ]
    },
    {
      "type": "glyphs",
      "face": {
        "family": "Source Serif Pro",
        "hash": "199c8adc83479480d9aa5d942afe8f52"
      },
      "size": 11264,
      "color": [
        0,
        0,
        0,
        255
      ],
      "glyphs": [
        {
          "id": 414,
          "x": 36864,
          "y": 74605
        },
        {
          "id": 45,
          "x": 43814,
          "y": 74605
        },
        {
          "id": 46,
          "x": 48466,
          "y": 74605
        },
        {
          "id": 47,
          "x": 53355,
          "y": 74605
        },
        {
          "id": 476,
          "x": 57016,
          "y": 74605
        },
        {
          "id": 1,
          "x": 60395,
          "y": 74605
        },
        {
          "id": 47,
          "x": 63020,
          "y": 74605
        },
        {
          "id": 35,
          "x": 66681,
          "y": 74605
        },
        {
          "id": 32,
          "x": 73451,
          "y": 74605
        },
        {
          "id": 1,
          "x": 79196,
          "y": 74605
        },
        {
          "id": 31,
          "x": 81821,
          "y": 74605
        },
        {
          "id": 36,
          "x": 88208,
          "y": 74605
        },
        {
          "id": 417,
          "x": 91565,
          "y": 74605
        },
        {
          "id": 32,
          "x": 98808,
          "y": 74605
        },
        {
          "id": 45,
          "x": 104553,
          "y": 74605
        },
        {
          "id": 32,
          "x": 109205,
          "y": 74605
        },
        {
          "id": 41,
          "x": 114950,
          "y": 74605
        },
        {
          "id": 30,
          "x": 121776,
          "y": 74605
        },
        {
          "id": 32,
          "x": 127273,
          "y": 74605
        },
        {
          "id": 1,
          "x": 133018,
          "y": 74605
        },
        {
          "id": 50,
          "x": 135643,
          "y": 74605
        },
        {
          "id": 28,
          "x": 144068,
          "y": 74605
        },
        {
          "id": 46,
          "x": 149801,
          "y": 74605
        },
        {
          "id": 1,
          "x": 154690,
          "y": 74605
        },
        {
          "id": 28,
          "x": 157315,
          "y": 74605
        },
        {
          "id": 1,
          "x": 163048,
          "y": 74605
        },
        {
          "id": 44,
          "x": 165673,
          "y": 74605
        },
        {
          "id": 48,
          "x": 171947,
          "y": 74605
        },
        {
          "id": 28,
          "x": 178514,
          "y": 74605
        },
        {
          "id": 45,
          "x": 184191,
          "y": 74605
        },
        {
          "id": 47,
          "x": 189170,
          "y": 74605
        },
        {
          "id": 32,
          "x": 192831,
          "y": 74605
        },
        {
          "id": 45,
          "x": 198576,
          "y": 74605
        },
        {
          "id": 1,
          "x": 203341,
          "y": 74605
        },
        {
          "id": 42,
          "x": 205966,
          "y": 74605
        },
        {
          "id": 33,
          "x": 212150,
          "y": 74605
        },
        {
          "id": 1,
          "x": 216137,
          "y": 74605
        },
        {
          "id": 28,
          "x": 218762,
          "y": 74605
        },
        {
          "id": 41,
          "x": 224439,
          "y": 74605
        },
        {
          "id": 1,
          "x": 231265,
          "y": 74605
        },
        {
          "id": 36,
          "x": 233890,
          "y": 74605
        },
        {
          "id": 41,
          "x": 237247,
          "y": 74605
        },
        {
          "id": 30,
          "x": 244073,
          "y": 74605
        },
        {
          "id": 35,
          "x": 249446,
          "y": 74605
        },
        {
          "id": 474,
          "x": 256216,
          "y": 74605
        },
        {
          "id": 1,
          "x": 259595,
          "y": 74605
        }
      ]
    },
    {
      "type": "glyphs",
      "face": {
        "family": "Source Serif Pro",
        "hash": "199c8adc83479480d9aa5d942afe8f52"
      },
      "size": 11264,
      "color": [
        0,
        0,
        0,
        255
      ],
      "glyphs": [
        {
          "id": 28,
          "x": 36864,
          "y": 88122
        },
        {
          "id": 41,
          "x": 42541,
          "y": 88122
        },
        {
          "id": 31,
          "x": 49367,
          "y": 88122
        },
        {
          "id": 1,
          "x": 55754,
          "y": 88122
        },
        {
          "id": 28,
          "x": 58379,
          "y": 88122
        },
        {
          "id": 1,
          "x": 64112,
          "y": 88122
        },
        {
          "id": 44,
          "x": 66737,
          "y": 88122
        },
        {
          "id": 48,
          "x": 73011,
          "y": 88122
        },
        {
          "id": 28,
          "x": 79578,
          "y": 88122
        },
        {
          "id": 45,
          "x": 85255,
          "y": 88122
        },
        {
          "id": 47,
          "x": 90234,
          "y": 88122
        },
        {
          "id": 32,
          "x": 93895,
          "y": 88122
        },
        {
          "id": 45,
          "x": 99640,
          "y": 88122
        },
        {
          "id": 1,
          "x": 104405,
          "y": 88122
        },
        {
          "id": 42,
          "x": 107030,
          "y": 88122
        },
        {
          "id": 33,
          "x": 113214,
          "y": 88122
        },
        {
          "id": 1,
          "x": 117201,
          "y": 88122
        },
        {
          "id": 28,
          "x": 119826,
          "y": 88122
        },
        {
          "id": 41,
          "x": 125503,
          "y": 88122
        },
        {
          "id": 1,
          "x": 132329,
          "y": 88122
        },
        {
          "id": 36,
          "x": 134954,
          "y": 88122
        },
        {
          "id": 41,
          "x": 138311,
          "y": 88122
        },
        {
          "id": 30,
          "x": 145137,
          "y": 88122
        },
        {
          "id": 35,
          "x": 150510,
          "y": 88122
        },
        {
          "id": 1,
          "x": 157280,
          "y": 88122
        },
        {
          "id": 36,
          "x": 159905,
          "y": 88122
        },
        {
          "id": 46,
          "x": 163262,
          "y": 88122
        },
        {
          "id": 1,
          "x": 168151,
          "y": 88122
        },
        {
          "id": 32,
          "x": 170776,
          "y": 88122
        },
        {
          "id": 28,
          "x": 176408,
          "y": 88122
        },
        {
          "id": 46,
          "x": 182141,
          "y": 88122
        },
        {
          "id": 52,
          "x": 187030,
          "y": 88122
        },
        {
          "id": 1,
          "x": 192797,
          "y": 88122
        },
        {
          "id": 47,
          "x": 195422,
          "y": 88122
        },
        {
          "id": 42,
          "x": 199083,
          "y": 88122
        },
        {
          "id": 1,
          "x": 205267,
          "y": 88122
        },
        {
          "id": 33,
          "x": 207892,
          "y": 88122
        },
        {
          "id": 42,
          "x": 211710,
          "y": 88122
        },
        {
          "id": 45,
          "x": 217894,
          "y": 88122
        },
        {
          "id": 34,
          "x": 222546,
          "y": 88122
        },
        {
          "id": 36,
          "x": 228381,
          "y": 88122
        },
        {
          "id": 49,
          "x": 231569,
          "y": 88122
        },
        {
          "id": 32,
          "x": 237032,
          "y": 88122
        },
        {
          "id": 473,
          "x": 242450,
          "y": 88122
        }
      ]
    },
    {
      "type": "glyphs",
      "face": {
        "family": "Source Serif Pro",
        "hash": "199c8adc83479480d9aa5d942afe8f52"
      },
      "size": 11264,
      "color": [
        0,
        0,
        0,
        255
      ],
      "glyphs": [
        {
          "id": 13,
          "x": 36864,
          "y": 109831
        },
        {
          "id": 28,
          "x": 43577,
          "y": 109831
        },
        {
          "id": 47,
          "x": 49310,
          "y": 109831
        },
        {
          "id": 32,
          "x": 52971,
          "y": 109831
        },
        {
          "id": 45,
          "x": 58716,
          "y": 109831
        },
        {
          "id": 1,
          "x": 63481,
          "y": 109831
        },
        {
          "id": 28,
          "x": 66106,
          "y": 109831
        },
        {
          "id": 1,
          "x": 71839,
          "y": 109831
        },
        {
          "id": 31,
          "x": 74464,
          "y": 109831
        },
        {
          "id": 42,
          "x": 80851,
          "y": 109831
        },
        {
          "id": 42,
          "x": 87035,
          "y": 109831
        },
        {
          "id": 45,
          "x": 93219,
          "y": 109831
        },
        {
          "id": 1,
          "x": 97984,
          "y": 109831
        },
        {
          "id": 28,
          "x": 100609,
          "y": 109831
        },
        {
          "id": 43,
          "x": 106117,
          "y": 109831
        },
        {
          "id": 43,
          "x": 112571,
          "y": 109831
        },
        {
          "id": 32,
          "x": 119138,
          "y": 109831
        },
        {
          "id": 28,
          "x": 124770,
          "y": 109831
        },
        {
          "id": 45,
          "x": 130447,
          "y": 109831
        },
        {
          "id": 32,
          "x": 135099,
          "y": 109831
        },
        {
          "id": 31,
          "x": 140844,
          "y": 109831
        },
        {
          "id": 1,
          "x": 147231,
          "y": 109831
        },
        {
          "id": 36,
          "x": 149856,
          "y": 109831
        },
        {
          "id": 41,
          "x": 153213,
          "y": 109831
        },
        {
          "id": 1,
          "x": 160039,
          "y": 109831
        },
        {
          "id": 28,
          "x": 162664,
          "y": 109831
        },
        {
          "id": 1,
          "x": 168397,
          "y": 109831
        },
        {
          "id": 50,
          "x": 171022,
          "y": 109831
        },
        {
          "id": 28,
          "x": 179447,
          "y": 109831
        },
        {
          "id": 39,
          "x": 185180,
          "y": 109831
        },
        {
          "id": 39,
          "x": 188537,
          "y": 109831
        },
        {
          "id": 1,
          "x": 191894,
          "y": 109831
        },
        {
          "id": 50,
          "x": 194519,
          "y": 109831
        },
        {
          "id": 35,
          "x": 202899,
          "y": 109831
        },
        {
          "id": 32,
          "x": 209669,
          "y": 109831
        },
        {
          "id": 45,
          "x": 215414,
          "y": 109831
        },
        {
          "id": 32,
          "x": 220066,
          "y": 109831
        },
        {
          "id": 1,
          "x": 225811,
          "y": 109831
        },
        {
          "id": 41,
          "x": 228436,
          "y": 109831
        },
        {
          "id": 42,
          "x": 235262,
          "y": 109831
        },
        {
          "id": 1,
          "x": 241446,
          "y": 109831
        }
      ]
    },
    {
      "type": "glyphs",
      "face": {
        "family": "Source Serif Pro",
        "hash": "199c8adc83479480d9aa5d942afe8f52"
      },
      "size": 11264,
      "color": [
        0,
        0,
        0,
        255
      ],
      "glyphs": [
        {
          "id": 31,
          "x": 36864,
          "y": 123348
        },
        {
          "id": 42,
          "x": 43251,
          "y": 123348
        },
        {
          "id": 42,
          "x": 49435,
          "y": 123348
        },
        {
          "id": 45,
          "x": 55619,
          "y": 123348
        },
        {
          "id": 1,
          "x": 60384,
          "y": 123348
        },
        {
          "id": 35,
          "x": 63009,
          "y": 123348
        },
        {
          "id": 28,
          "x": 69779,
          "y": 123348
        },
        {
          "id": 31,
          "x": 75512,
          "y": 123348
        },
        {
          "id": 1,
          "x": 81899,
          "y": 123348
        },
        {
          "id": 29,
          "x": 84524,
          "y": 123348
        },
        {
          "id": 32,
          "x": 91023,
          "y": 123348
        },
        {
          "id": 32,
          "x": 96768,
          "y": 123348
        },
        {
          "id": 41,
          "x": 102513,
          "y": 123348
        },
        {
          "id": 474,
          "x": 109339,
          "y": 123348
        },
        {
          "id": 1,
          "x": 112718,
          "y": 123348
        },
        {
          "id": 42,
          "x": 115343,
          "y": 123348
        },
        {
          "id": 43,
          "x": 121414,
          "y": 123348
        },
        {
          "id": 32,
          "x": 127981,
          "y": 123348
        },
        {
          "id": 41,
          "x": 133726,
          "y": 123348
        },
        {
          "id": 36,
          "x": 140552,
          "y": 123348
        },
        {
          "id": 41,
          "x": 143909,
          "y": 123348
        },
        {
          "id": 34,
          "x": 150735,
          "y": 123348
        },
        {
          "id": 1,
          "x": 156570,
          "y": 123348
        },
        {
          "id": 42,
          "x": 159195,
          "y": 123348
        },
        {
          "id": 41,
          "x": 165379,
          "y": 123348
        },
        {
          "id": 47,
          "x": 172149,
          "y": 123348
        },
        {
          "id": 42,
          "x": 175810,
          "y": 123348
        },
        {
          "id": 1,
          "x": 181994,
          "y": 123348
        },
        {
          "id": 28,
          "x": 184619,
          "y": 123348
        },
        {
          "id": 1,
          "x": 190352,
          "y": 123348
        },
        {
          "id": 30,
          "x": 192977,
          "y": 123348
        },
        {
          "id": 42,
          "x": 198474,
          "y": 123348
        },
        {
          "id": 45,
          "x": 204658,
          "y": 123348
        },
        {
          "id": 45,
          "x": 209423,
          "y": 123348
        },
        {
          "id": 36,
          "x": 214188,
          "y": 123348
        },
        {
          "id": 31,
          "x": 217545,
          "y": 123348
        },
        {
          "id": 42,
          "x": 223932,
          "y": 123348
        },
        {
          "id": 45,
          "x": 230116,
          "y": 123348
        },
        {
          "id": 1,
          "x": 234881,
          "y": 123348
        },
        {
          "id": 47,
          "x": 237506,
          "y": 123348
        },
        {
          "id": 35,
          "x": 241167,
          "y": 123348
        },
        {
          "id": 28,
          "x": 247937,
          "y": 123348
        },
        {
          "id": 47,
          "x": 253670,
          "y": 123348
        },
        {
          "id": 1,
          "x": 257331,
          "y": 123348
        }
      ]
    },
    {
      "type": "glyphs",
      "face": {
        "family": "Source Serif Pro",
        "hash": "199c8adc83479480d9aa5d942afe8f52"
      },
      "size": 11264,
      "color": [
        0,
        0,
        0,
        255
      ],
      "glyphs": [
        {
          "id": 50,
          "x": 36864,
          "y": 136865
        },
        {
          "id": 32,
          "x": 45244,
          "y": 136865
        },
        {
          "id": 41,
          "x": 50989,
          "y": 136865
        },
        {
          "id": 47,
          "x": 57759,
          "y": 136865
        },
        {
          "id": 1,
          "x": 61420,
          "y": 136865
        },
        {
          "id": 42,
          "x": 64045,
          "y": 136865
        },
        {
          "id": 41,
          "x": 70229,
          "y": 136865
        },
        {
          "id": 1,
          "x": 77055,
          "y": 136865
        },
        {
          "id": 33,
          "x": 79680,
          "y": 136865
        },
        {
          "id": 48,
          "x": 83555,
          "y": 136865
        },
        {
          "id": 45,
          "x": 90122,
          "y": 136865
        },
        {
          "id": 47,
          "x": 95101,
          "y": 136865
        },
        {
          "id": 35,
          "x": 98762,
          "y": 136865
        },
        {
          "id": 32,
          "x": 105532,
          "y": 136865
        },
        {
          "id": 45,
          "x": 111277,
          "y": 136865
        },
        {
          "id": 1,
          "x": 116042,
          "y": 136865
        },
        {
          "id": 47,
          "x": 118667,
          "y": 136865
        },
        {
          "id": 35,
          "x": 122328,
          "y": 136865
        },
        {
          "id": 28,
          "x": 129098,
          "y": 136865
        },
        {
          "id": 41,
          "x": 134775,
          "y": 136865
        },
        {
          "id": 1,
          "x": 141601,
          "y": 136865
        },
        {
          "id": 47,
          "x": 144226,
          "y": 136865
        },
        {
          "id": 35,
          "x": 147887,
          "y": 136865
        },
        {
          "id": 32,
          "x": 154657,
          "y": 136865
        },
        {
          "id": 1,
          "x": 160402,
          "y": 136865
        },
        {
          "id": 35,
          "x": 163027,
          "y": 136865
        },
        {
          "id": 42,
          "x": 169797,
          "y": 136865
        },
        {
          "id": 48,
          "x": 175868,
          "y": 136865
        },
        {
          "id": 46,
          "x": 182435,
          "y": 136865
        },
        {
          "id": 32,
          "x": 187324,
          "y": 136865
        },
        {
          "id": 1,
          "x": 193069,
          "y": 136865
        },
        {
          "id": 30,
          "x": 195694,
          "y": 136865
        },
        {
          "id": 42,
          "x": 201191,
          "y": 136865
        },
        {
          "id": 48,
          "x": 207262,
          "y": 136865
        },
        {
          "id": 39,
          "x": 213829,
          "y": 136865
        },
        {
          "id": 31,
          "x": 217186,
          "y": 136865
        },
        {
          "id": 1,
          "x": 223573,
          "y": 136865
        },
        {
          "id": 35,
          "x": 226198,
          "y": 136865
        },
        {
          "id": 42,
          "x": 232968,
          "y": 136865
        },
        {
          "id": 39,
          "x": 239039,
          "y": 136865
        },
        {
          "id": 31,
          "x": 242396,
          "y": 136865
        },
        {
          "id": 473,
          "x": 248783,
          "y": 136865
        },
        {
          "id": 1,
          "x": 252162,
          "y": 136865
        }
      ]
    },
    {
      "type": "glyphs",
      "face": {
        "family": "Source Serif Pro",
        "hash": "199c8adc83479480d9aa5d942afe8f52"
      },
      "size": 11264,
      "color": [
        0,
        0,
        0,
        255
      ],
      "glyphs": [
        {
          "id": 10,
          "x": 36864,
          "y": 150382
        },
        {
          "id": 47,
          "x": 40930,
          "y": 150382
        },
        {
          "id": 46,
          "x": 44591,
          "y": 150382
        },
        {
          "id": 1,
          "x": 49480,
          "y": 150382
        },
        {
          "id": 50,
          "x": 52105,
          "y": 150382
        },
        {
          "id": 28,
          "x": 60530,
          "y": 150382
        },
        {
          "id": 39,
          "x": 66263,
          "y": 150382
        },
        {
          "id": 39,
          "x": 69620,
          "y": 150382
        },
        {
          "id": 46,
          "x": 72977,
          "y": 150382
        },
        {
          "id": 1,
          "x": 77866,
          "y": 150382
        },
        {
          "id": 50,
          "x": 80491,
          "y": 150382
        },
        {
          "id": 32,
          "x": 88871,
          "y": 150382
        },
        {
          "id": 45,
          "x": 94616,
          "y": 150382
        },
        {
          "id": 32,
          "x": 99268,
          "y": 150382
        },
        {
          "id": 1,
          "x": 105013,
          "y": 150382
        },
        {
          "id": 46,
          "x": 107638,
          "y": 150382
        },
        {
          "id": 40,
          "x": 112527,
          "y": 150382
        },
        {
          "id": 42,
          "x": 122676,
          "y": 150382
        },
        {
          "id": 42,
          "x": 128860,
          "y": 150382
        },
        {
          "id": 47,
          "x": 134931,
          "y": 150382
        },
        {
          "id": 35,
          "x": 138592,
          "y": 150382
        },
        {
          "id": 1,
          "x": 145362,
          "y": 150382
        },
        {
          "id": 28,
          "x": 147987,
          "y": 150382
        },
        {
          "id": 41,
          "x": 153664,
          "y": 150382
        },
        {
          "id": 31,
          "x": 160490,
          "y": 150382
        },
        {
          "id": 1,
          "x": 166877,
          "y": 150382
        },
        {
          "id": 30,
          "x": 169502,
          "y": 150382
        },
        {
          "id": 42,
          "x": 174999,
          "y": 150382
        },
        {
          "id": 39,
          "x": 181070,
          "y": 150382
        },
        {
          "id": 31,
          "x": 184427,
          "y": 150382
        },
        {
          "id": 1,
          "x": 190814,
          "y": 150382
        },
        {
          "id": 28,
          "x": 193439,
          "y": 150382
        },
        {
          "id": 41,
          "x": 199116,
          "y": 150382
        },
        {
          "id": 31,
          "x": 205942,
          "y": 150382
        },
        {
          "id": 1,
          "x": 212329,
          "y": 150382
        },
        {
          "id": 47,
          "x": 214954,
          "y": 150382
        },
        {
          "id": 35,
          "x": 218615,
          "y": 150382
        },
        {
          "id": 32,
          "x": 225385,
          "y": 150382
        },
        {
          "id": 1,
          "x": 231130,
          "y": 150382
        }
      ]
    },
    {
      "type": "glyphs",
      "face": {
        "family": "Source Serif Pro",
        "hash": "199c8adc83479480d9aa5d942afe8f52"
      },
      "size": 11264,
      "color": [
        0,
        0,
        0,
        255
      ],
      "glyphs": [
        {
          "id": 30,
          "x": 36864,
          "y": 163899
        },
        {
          "id": 42,
          "x": 42361,
          "y": 163899
        },
        {
          "id": 39,
          "x": 48432,
          "y": 163899
        },
        {
          "id": 42,
          "x": 51789,
          "y": 163899
        },
        {
          "id": 48,
          "x": 57860,
          "y": 163899
        },
        {
          "id": 45,
          "x": 64427,
          "y": 163899
        },
        {
          "id": 1,
          "x": 69192,
          "y": 163899
        },
        {
          "id": 42,
          "x": 71817,
          "y": 163899
        },
        {
          "id": 33,
          "x": 78001,
          "y": 163899
        },
        {
          "id": 1,
          "x": 81988,
          "y": 163899
        },
        {
          "id": 28,
          "x": 84613,
          "y": 163899
        },
        {
          "id": 46,
          "x": 90346,
          "y": 163899
        },
        {
          "id": 35,
          "x": 95122,
          "y": 163899
        },
        {
          "id": 473,
          "x": 101892,
          "y": 163899
        }
      ]
    },
    {
      "type": "glyphs",
      "face": {
        "family": "Source Serif Pro",
        "hash": "199c8adc83479480d9aa5d942afe8f52"
      },
      "size": 8448,
      "color": [
        0,
        0,
        0,
        255
      ],
      "glyphs": [
        {
          "id": 2,
          "x": 280576,
          "y": 72139
        },
        {
          "id": 1,
          "x": 286185,
          "y": 72139
        },
        {
          "id": 44,
          "x": 288153,
          "y": 72139
        },
        {
          "id": 48,
          "x": 292859,
          "y": 72139
        },
        {
          "id": 28,
          "x": 297784,
          "y": 72139
        },
        {
          "id": 45,
          "x": 302042,
          "y": 72139
        },
        {
          "id": 47,
          "x": 305776,
          "y": 72139
        },
        {
          "id": 32,
          "x": 308522,
          "y": 72139
        },
        {
          "id": 45,
          "x": 312830,
          "y": 72139
        },
        {
          "id": 1,
          "x": 316404,
          "y": 72139
        },
        {
          "id": 42,
          "x": 318372,
          "y": 72139
        },
        {
          "id": 33,
          "x": 323010,
          "y": 72139
        },
        {
          "id": 1,
          "x": 326001,
          "y": 72139
        },
        {
          "id": 28,
          "x": 327969,
          "y": 72139
        },
        {
          "id": 41,
          "x": 332227,
          "y": 72139
        },
        {
          "id": 1,
          "x": 337346,
          "y": 72139
        },
        {
          "id": 36,
          "x": 339314,
          "y": 72139
        },
        {
          "id": 41,
          "x": 341832,
          "y": 72139
        },
        {
          "id": 30,
          "x": 346951,
          "y": 72139
        },
        {
          "id": 35,
          "x": 350981,
          "y": 72139
        },
        {
          "id": 474,
          "x": 356058,
          "y": 72139
        },
        {
          "id": 1,
          "x": 358592,
          "y": 72139
        }
      ]
    },
    {
      "type": "glyphs",
      "face": {
        "family": "Source Serif Pro",
        "hash": "199c8adc83479480d9aa5d942afe8f52"
      },
      "size": 8448,
      "color": [
        0,
        0,
        0,
        255
      ],
      "glyphs": [
        {
          "id": 40,
          "x": 280576,
          "y": 82699
        },
        {
          "id": 32,
          "x": 288188,
          "y": 82699
        },
        {
          "id": 28,
          "x": 292412,
          "y": 82699
        },
        {
          "id": 46,
          "x": 296712,
          "y": 82699
        },
        {
          "id": 48,
          "x": 300378,
          "y": 82699
        },
        {
          "id": 45,
          "x": 305303,
          "y": 82699
        },
        {
          "id": 32,
          "x": 308792,
          "y": 82699
        },
        {
          "id": 31,
          "x": 313100,
          "y": 82699
        },
        {
          "id": 1,
          "x": 317890,
          "y": 82699
        },
        {
          "id": 33,
          "x": 319858,
          "y": 82699
        },
        {
          "id": 45,
          "x": 322849,
          "y": 82699
        },
        {
          "id": 42,
          "x": 326338,
          "y": 82699
        },
        {
          "id": 40,
          "x": 330976,
          "y": 82699
        },
        {
          "id": 1,
          "x": 338588,
          "y": 82699
        },
        {
          "id": 50,
          "x": 340556,
          "y": 82699
        },
        {
          "id": 35,
          "x": 346841,
          "y": 82699
        },
        {
          "id": 32,
          "x": 351918,
          "y": 82699
        },
        {
          "id": 45,
          "x": 356226,
          "y": 82699
        },
        {
          "id": 32,
          "x": 359715,
          "y": 82699
        },
        {
          "id": 481,
          "x": 364023,
          "y": 82699
        }
      ]
    },
    {
      "type": "glyphs",
      "face": {
        "family": "Source Serif Pro",
        "hash": "199c8adc83479480d9aa5d942afe8f52"
      },
      "size": 8448,
      "color": [
        0,
        0,
        0,
        255
      ],
      "glyphs": [
        {
          "id": 21,
          "x": 280576,
          "y": 120882
        },
        {
          "id": 35,
          "x": 285679,
          "y": 120882
        },
        {
          "id": 32,
          "x": 290756,
          "y": 120882
        },
        {
          "id": 1,
          "x": 295064,
          "y": 120882
        },
        {
          "id": 30,
          "x": 297032,
          "y": 120882
        },
        {
          "id": 42,
          "x": 301155,
          "y": 120882
        },
        {
          "id": 45,
          "x": 305793,
          "y": 120882
        },
        {
          "id": 45,
          "x": 309367,
          "y": 120882
        },
        {
          "id": 36,
          "x": 312941,
          "y": 120882
        },
        {
          "id": 31,
          "x": 315459,
          "y": 120882
        },
        {
          "id": 42,
          "x": 320249,
          "y": 120882
        },
        {
          "id": 45,
          "x": 324887,
          "y": 120882
        },
        {
          "id": 1,
          "x": 328461,
          "y": 120882
        },
        {
          "id": 36,
          "x": 330429,
          "y": 120882
        },
        {
          "id": 46,
          "x": 332947,
          "y": 120882
        },
        {
          "id": 1,
          "x": 336613,
          "y": 120882
        },
        {
          "id": 41,
          "x": 338581,
          "y": 120882
        },
        {
          "id": 32,
          "x": 343700,
          "y": 120882
        },
        {
          "id": 49,
          "x": 347924,
          "y": 120882
        },
        {
          "id": 32,
          "x": 352021,
          "y": 120882
        },
        {
          "id": 45,
          "x": 356329,
          "y": 120882
        },
        {
          "id": 1,
          "x": 359903,
          "y": 120882
        },
        {
          "id": 47,
          "x": 361871,
          "y": 120882
        },
        {
          "id": 35,
          "x": 364617,
          "y": 120882
        },
        {
          "id": 32,
          "x": 369694,
          "y": 120882
        },
        {
          "id": 1,
          "x": 374002,
          "y": 120882
        }
      ]
    },
    {
      "type": "glyphs",
      "face": {
        "family": "Source Serif Pro",
        "hash": "199c8adc83479480d9aa5d942afe8f52"
      },
      "size": 8448,
      "color": [
        0,
        0,
        0,
        255
      ],
      "glyphs": [
        {
          "id": 46,
          "x": 280576,
          "y": 131442
        },
        {
          "id": 28,
          "x": 284242,
          "y": 131442
        },
        {
          "id": 40,
          "x": 288500,
          "y": 131442
        },
        {
          "id": 32,
          "x": 296112,
          "y": 131442
        },
        {
          "id": 1,
          "x": 300420,
          "y": 131442
        },
        {
          "id": 39,
          "x": 302388,
          "y": 131442
        },
        {
          "id": 32,
          "x": 304906,
          "y": 131442
        },
        {
          "id": 41,
          "x": 309214,
          "y": 131442
        },
        {
          "id": 34,
          "x": 314333,
          "y": 131442
        },
        {
          "id": 47,
          "x": 318709,
          "y": 131442
        },
        {
          "id": 35,
          "x": 321455,
          "y": 131442
        },
        {
          "id": 1,
          "x": 326532,
          "y": 131442
        },
        {
          "id": 47,
          "x": 328500,
          "y": 131442
        },
        {
          "id": 50,
          "x": 331330,
          "y": 131442
        },
        {
          "id": 36,
          "x": 337784,
          "y": 131442
        },
        {
          "id": 30,
          "x": 340302,
          "y": 131442
        },
        {
          "id": 32,
          "x": 344425,
          "y": 131442
        },
        {
          "id": 473,
          "x": 348488,
          "y": 131442
        }
      ]
    }
  ]
}
