---
source: crates/fixtures/tests/hostile.rs
expression: "serde_json::to_string_pretty(&content).unwrap()"
---
[
  {
    "width": 430080,
    "height": 307200,
    "items": [
      {
        "type": "group",
        "transform": {
          "xx": 65536,
          "yx": 0,
          "xy": 0,
          "yy": 65536,
          "tx": 36864,
          "ty": 36864
        },
        "clip": null,
        "items": [
          {
            "type": "glyphs",
            "face": {
              "family": "Source Serif Pro",
              "hash": "199c8adc83479480d9aa5d942afe8f52"
            },
            "size": 11264,
            "color": [
              0,
              0,
              0,
              255
            ],
            "text": "A page that is less than nothing wide.",
            "glyphs": [
              {
                "id": 2,
                "x": 0,
                "y": 10707,
                "text": {
                  "start": 0,
                  "end": 1
                }
              },
              {
                "id": 1,
                "x": 7479,
                "y": 10707,
                "text": {
                  "start": 1,
                  "end": 2
                }
              },
              {
                "id": 43,
                "x": 10104,
                "y": 10707,
                "text": {
                  "start": 2,
                  "end": 3
                }
              },
              {
                "id": 28,
                "x": 16671,
                "y": 10707,
                "text": {
                  "start": 3,
                  "end": 4
                }
              },
              {
                "id": 34,
                "x": 22292,
                "y": 10707,
                "text": {
                  "start": 4,
                  "end": 5
                }
              },
              {
                "id": 32,
                "x": 28014,
                "y": 10707,
                "text": {
                  "start": 5,
                  "end": 6
                }
              },
              {
                "id": 1,
                "x": 33759,
                "y": 10707,
                "text": {
                  "start": 6,
                  "end": 7
                }
              },
              {
                "id": 47,
                "x": 36384,
                "y": 10707,
                "text": {
                  "start": 7,
                  "end": 8
                }
              },
              {
                "id": 35,
                "x": 40045,
                "y": 10707,
                "text": {
                  "start": 8,
                  "end": 9
                }
              },
              {
                "id": 28,
                "x": 46815,
                "y": 10707,
                "text": {
                  "start": 9,
                  "end": 10
                }
              },
              {
                "id": 47,
                "x": 52548,
                "y": 10707,
                "text": {
                  "start": 10,
                  "end": 11
                }
              },
              {
                "id": 1,
                "x": 56209,
                "y": 10707,
                "text": {
                  "start": 11,
                  "end": 12
                }
              },
              {
                "id": 36,
                "x": 58834,
                "y": 10707,
                "text": {
                  "start": 12,
                  "end": 13
                }
              },
              {
                "id": 46,
                "x": 62191,
                "y": 10707,
                "text": {
                  "start": 13,
                  "end": 14
                }
              },
              {
                "id": 1,
                "x": 67080,
                "y": 10707,
                "text": {
                  "start": 14,
                  "end": 15
                }
              },
              {
                "id": 39,
                "x": 69705,
                "y": 10707,
                "text": {
                  "start": 15,
                  "end": 16
                }
              },
              {
                "id": 32,
                "x": 73062,
                "y": 10707,
                "text": {
                  "start": 16,
                  "end": 17
                }
              },
              {
                "id": 46,
                "x": 78807,
                "y": 10707,
                "text": {
                  "start": 17,
                  "end": 18
                }
              },
              {
                "id": 46,
                "x": 83696,
                "y": 10707,
                "text": {
                  "start": 18,
                  "end": 19
                }
              },
              {
                "id": 1,
                "x": 88585,
                "y": 10707,
                "text": {
                  "start": 19,
                  "end": 20
                }
              },
              {
                "id": 47,
                "x": 91210,
                "y": 10707,
                "text": {
                  "start": 20,
                  "end": 21
                }
              },
              {
                "id": 35,
                "x": 94871,
                "y": 10707,
                "text": {
                  "start": 21,
                  "end": 22
                }
              },
              {
                "id": 28,
                "x": 101641,
                "y": 10707,
                "text": {
                  "start": 22,
                  "end": 23
                }
              },
              {
                "id": 41,
                "x": 107318,
                "y": 10707,
                "text": {
                  "start": 23,
                  "end": 24
                }
              },
              {
                "id": 1,
                "x": 114144,
                "y": 10707,
                "text": {
                  "start": 24,
                  "end": 25
                }
              },
              {
                "id": 41,
                "x": 116769,
                "y": 10707,
                "text": {
                  "start": 25,
                  "end": 26
                }
              },
              {
                "id": 42,
                "x": 123595,
                "y": 10707,
                "text": {
                  "start": 26,
                  "end": 27
                }
              },
              {
                "id": 47,
                "x": 129666,
                "y": 10707,
                "text": {
                  "start": 27,
                  "end": 28
                }
              },
              {
                "id": 35,
                "x": 133327,
                "y": 10707,
                "text": {
                  "start": 28,
                  "end": 29
                }
              },
              {
                "id": 36,
                "x": 140097,
                "y": 10707,
                "text": {
                  "start": 29,
                  "end": 30
                }
              },
              {
                "id": 41,
                "x": 143454,
                "y": 10707,
                "text": {
                  "start": 30,
                  "end": 31
                }
              },
              {
                "id": 34,
                "x": 150280,
                "y": 10707,
                "text": {
                  "start": 31,
                  "end": 32
                }
              },
              {
                "id": 1,
                "x": 156115,
                "y": 10707,
                "text": {
                  "start": 32,
                  "end": 33
                }
              },
              {
                "id": 50,
                "x": 158740,
                "y": 10707,
                "text": {
                  "start": 33,
                  "end": 34
                }
              },
              {
                "id": 36,
                "x": 167346,
                "y": 10707,
                "text": {
                  "start": 34,
                  "end": 35
                }
              },
              {
                "id": 31,
                "x": 170703,
                "y": 10707,
                "text": {
                  "start": 35,
                  "end": 36
                }
              },
              {
                "id": 32,
                "x": 177090,
                "y": 10707,
                "text": {
                  "start": 36,
                  "end": 37
                }
              },
              {
                "id": 473,
                "x": 182508,
                "y": 10707,
                "text": {
                  "start": 37,
                  "end": 38
                }
              }
            ],
            "layer": "content"
          }
        ]
      },
      {
        "type": "group",
        "transform": {
          "xx": 65536,
          "yx": 0,
          "xy": 0,
          "yy": 65536,
          "tx": 280576,
          "ty": 36864
        },
        "clip": null,
        "items": [
          {
            "type": "glyphs",
            "face": {
              "family": "Source Serif Pro",
              "hash": "199c8adc83479480d9aa5d942afe8f52"
            },
            "size": 8448,
            "color": [
              0,
              0,
              0,
              255
            ],
            "text": "A note.",
            "glyphs": [
              {
                "id": 2,
                "x": 0,
                "y": 8241,
                "text": {
                  "start": 0,
                  "end": 1
                }
              },
              {
                "id": 1,
                "x": 5609,
                "y": 8241,
                "text": {
                  "start": 1,
                  "end": 2
                }
              },
              {
                "id": 41,
                "x": 7577,
                "y": 8241,
                "text": {
                  "start": 2,
                  "end": 3
                }
              },
              {
                "id": 42,
                "x": 12696,
                "y": 8241,
                "text": {
                  "start": 3,
                  "end": 4
                }
              },
              {
                "id": 47,
                "x": 17249,
                "y": 8241,
                "text": {
                  "start": 4,
                  "end": 5
                }
              },
              {
                "id": 32,
                "x": 19995,
                "y": 8241,
                "text": {
                  "start": 5,
                  "end": 6
                }
              },
              {
                "id": 473,
                "x": 24058,
                "y": 8241,
                "text": {
                  "start": 6,
                  "end": 7
                }
              }
            ],
            "layer": "content"
          }
        ]
      }
    ]
  }
]
