---
source: crates/fixtures/tests/hostile.rs
expression: "serde_json::to_string_pretty(&content).unwrap()"
---
[
  {
    "width": 430080,
    "height": 307200,
    "items": [
      {
        "type": "group",
        "transform": {
          "xx": 65536,
          "yx": 0,
          "xy": 0,
          "yy": 65536,
          "tx": 36864,
          "ty": 36864
        },
        "clip": null,
        "items": [
          {
            "type": "glyphs",
            "face": {
              "family": "Source Serif Pro",
              "hash": "199c8adc83479480d9aa5d942afe8f52"
            },
            "size": 18432,
            "color": [
              0,
              0,
              0,
              255
            ],
            "text": "A sandbox shapes this ",
            "glyphs": [
              {
                "id": 2,
                "x": 0,
                "y": 17519,
                "text": {
                  "start": 0,
                  "end": 1
                }
              },
              {
                "id": 1,
                "x": 12239,
                "y": 17519,
                "text": {
                  "start": 1,
                  "end": 2
                }
              },
              {
                "id": 46,
                "x": 16534,
                "y": 17519,
                "text": {
                  "start": 2,
                  "end": 3
                }
              },
              {
                "id": 28,
                "x": 24533,
                "y": 17519,
                "text": {
                  "start": 3,
                  "end": 4
                }
              },
              {
                "id": 41,
                "x": 33823,
                "y": 17519,
                "text": {
                  "start": 4,
                  "end": 5
                }
              },
              {
                "id": 31,
                "x": 44993,
                "y": 17519,
                "text": {
                  "start": 5,
                  "end": 6
                }
              },
              {
                "id": 29,
                "x": 55444,
                "y": 17519,
                "text": {
                  "start": 6,
                  "end": 7
                }
              },
              {
                "id": 42,
                "x": 66079,
                "y": 17519,
                "text": {
                  "start": 7,
                  "end": 8
                }
              },
              {
                "id": 51,
                "x": 75830,
                "y": 17519,
                "text": {
                  "start": 8,
                  "end": 9
                }
              },
              {
                "id": 1,
                "x": 85525,
                "y": 17519,
                "text": {
                  "start": 9,
                  "end": 10
                }
              },
              {
                "id": 46,
                "x": 89820,
                "y": 17519,
                "text": {
                  "start": 10,
                  "end": 11
                }
              },
              {
                "id": 35,
                "x": 97635,
                "y": 17519,
                "text": {
                  "start": 11,
                  "end": 12
                }
              },
              {
                "id": 28,
                "x": 108713,
                "y": 17519,
                "text": {
                  "start": 12,
                  "end": 13
                }
              },
              {
                "id": 43,
                "x": 117726,
                "y": 17519,
                "text": {
                  "start": 13,
                  "end": 14
                }
              },
              {
                "id": 32,
                "x": 128472,
                "y": 17519,
                "text": {
                  "start": 14,
                  "end": 15
                }
              },
              {
                "id": 46,
                "x": 137872,
                "y": 17519,
                "text": {
                  "start": 15,
                  "end": 16
                }
              },
              {
                "id": 1,
                "x": 145871,
                "y": 17519,
                "text": {
                  "start": 16,
                  "end": 17
                }
              },
              {
                "id": 47,
                "x": 150166,
                "y": 17519,
                "text": {
                  "start": 17,
                  "end": 18
                }
              },
              {
                "id": 35,
                "x": 156156,
                "y": 17519,
                "text": {
                  "start": 18,
                  "end": 19
                }
              },
              {
                "id": 36,
                "x": 167234,
                "y": 17519,
                "text": {
                  "start": 19,
                  "end": 20
                }
              },
              {
                "id": 46,
                "x": 172727,
                "y": 17519,
                "text": {
                  "start": 20,
                  "end": 21
                }
              },
              {
                "id": 1,
                "x": 180726,
                "y": 17519,
                "text": {
                  "start": 21,
                  "end": 22
                }
              }
            ],
            "layer": "content"
          },
          {
            "type": "glyphs",
            "face": {
              "family": "Source Serif Pro",
              "hash": "199c8adc83479480d9aa5d942afe8f52"
            },
            "size": 18432,
            "color": [
              0,
              0,
              0,
              255
            ],
            "text": "paragraph with ",
            "glyphs": [
              {
                "id": 43,
                "x": 28160,
                "y": 39637,
                "text": {
                  "start": 0,
                  "end": 1
                }
              },
              {
                "id": 28,
                "x": 38906,
                "y": 39637,
                "text": {
                  "start": 1,
                  "end": 2
                }
              },
              {
                "id": 45,
                "x": 48196,
                "y": 39637,
                "text": {
                  "start": 2,
                  "end": 3
                }
              },
              {
                "id": 28,
                "x": 55790,
                "y": 39637,
                "text": {
                  "start": 3,
                  "end": 4
                }
              },
              {
                "id": 34,
                "x": 64988,
                "y": 39637,
                "text": {
                  "start": 4,
                  "end": 5
                }
              },
              {
                "id": 45,
                "x": 74536,
                "y": 39637,
                "text": {
                  "start": 5,
                  "end": 6
                }
              },
              {
                "id": 28,
                "x": 82130,
                "y": 39637,
                "text": {
                  "start": 6,
                  "end": 7
                }
              },
              {
                "id": 43,
                "x": 91143,
                "y": 39637,
                "text": {
                  "start": 7,
                  "end": 8
                }
              },
              {
                "id": 35,
                "x": 101705,
                "y": 39637,
                "text": {
                  "start": 8,
                  "end": 9
                }
              },
              {
                "id": 1,
                "x": 112783,
                "y": 39637,
                "text": {
                  "start": 9,
                  "end": 10
                }
              },
              {
                "id": 50,
                "x": 117078,
                "y": 39637,
                "text": {
                  "start": 10,
                  "end": 11
                }
              },
              {
                "id": 36,
                "x": 131160,
                "y": 39637,
                "text": {
                  "start": 11,
                  "end": 12
                }
              },
              {
                "id": 47,
                "x": 136653,
                "y": 39637,
                "text": {
                  "start": 12,
                  "end": 13
                }
              },
              {
                "id": 35,
                "x": 142643,
                "y": 39637,
                "text": {
                  "start": 13,
                  "end": 14
                }
              },
              {
                "id": 1,
                "x": 153721,
                "y": 39637,
                "text": {
                  "start": 14,
                  "end": 15
                }
              }
            ],
            "layer": "content"
          },
          {
            "type": "glyphs",
            "face": {
              "family": "Source Serif Pro",
              "hash": "199c8adc83479480d9aa5d942afe8f52"
            },
            "size": 18432,
            "color": [
              0,
              0,
              0,
              255
            ],
            "text": "three steps of ",
            "glyphs": [
              {
                "id": 47,
                "x": 56320,
                "y": 61755,
                "text": {
                  "start": 0,
                  "end": 1
                }
              },
              {
                "id": 35,
                "x": 62310,
                "y": 61755,
                "text": {
                  "start": 1,
                  "end": 2
                }
              },
              {
                "id": 45,
                "x": 73388,
                "y": 61755,
                "text": {
                  "start": 2,
                  "end": 3
                }
              },
              {
                "id": 32,
                "x": 81000,
                "y": 61755,
                "text": {
                  "start": 3,
                  "end": 4
                }
              },
              {
                "id": 32,
                "x": 90400,
                "y": 61755,
                "text": {
                  "start": 4,
                  "end": 5
                }
              },
              {
                "id": 1,
                "x": 99800,
                "y": 61755,
                "text": {
                  "start": 5,
                  "end": 6
                }
              },
              {
                "id": 46,
                "x": 104095,
                "y": 61755,
                "text": {
                  "start": 6,
                  "end": 7
                }
              },
              {
                "id": 47,
                "x": 112094,
                "y": 61755,
                "text": {
                  "start": 7,
                  "end": 8
                }
              },
              {
                "id": 32,
                "x": 118084,
                "y": 61755,
                "text": {
                  "start": 8,
                  "end": 9
                }
              },
              {
                "id": 43,
                "x": 127300,
                "y": 61755,
                "text": {
                  "start": 9,
                  "end": 10
                }
              },
              {
                "id": 46,
                "x": 138046,
                "y": 61755,
                "text": {
                  "start": 10,
                  "end": 11
                }
              },
              {
                "id": 1,
                "x": 146045,
                "y": 61755,
                "text": {
                  "start": 11,
                  "end": 12
                }
              },
              {
                "id": 42,
                "x": 150340,
                "y": 61755,
                "text": {
                  "start": 12,
                  "end": 13
                }
              },
              {
                "id": 33,
                "x": 160459,
                "y": 61755,
                "text": {
                  "start": 13,
                  "end": 14
                }
              },
              {
                "id": 1,
                "x": 166984,
                "y": 61755,
                "text": {
                  "start": 14,
                  "end": 15
                }
              }
            ],
            "layer": "content"
          },
          {
            "type": "glyphs",
            "face": {
              "family": "Source Serif Pro",
              "hash": "199c8adc83479480d9aa5d942afe8f52"
            },
            "size": 18432,
            "color": [
              0,
              0,
              0,
              255
            ],
            "text": "inset. Every byte remains ",
            "glyphs": [
              {
                "id": 36,
                "x": 0,
                "y": 83873,
                "text": {
                  "start": 0,
                  "end": 1
                }
              },
              {
                "id": 41,
                "x": 5493,
                "y": 83873,
                "text": {
                  "start": 1,
                  "end": 2
                }
              },
              {
                "id": 46,
                "x": 16663,
                "y": 83873,
                "text": {
                  "start": 2,
                  "end": 3
                }
              },
              {
                "id": 32,
                "x": 24662,
                "y": 83873,
                "text": {
                  "start": 3,
                  "end": 4
                }
              },
              {
                "id": 47,
                "x": 34062,
                "y": 83873,
                "text": {
                  "start": 4,
                  "end": 5
                }
              },
              {
                "id": 473,
                "x": 40052,
                "y": 83873,
                "text": {
                  "start": 5,
                  "end": 6
                }
              },
              {
                "id": 1,
                "x": 45582,
                "y": 83873,
                "text": {
                  "start": 6,
                  "end": 7
                }
              },
              {
                "id": 6,
                "x": 49877,
                "y": 83873,
                "text": {
                  "start": 7,
                  "end": 8
                }
              },
              {
                "id": 49,
                "x": 60604,
                "y": 83873,
                "text": {
                  "start": 8,
                  "end": 9
                }
              },
              {
                "id": 32,
                "x": 69544,
                "y": 83873,
                "text": {
                  "start": 9,
                  "end": 10
                }
              },
              {
                "id": 45,
                "x": 78944,
                "y": 83873,
                "text": {
                  "start": 10,
                  "end": 11
                }
              },
              {
                "id": 52,
                "x": 86925,
                "y": 83873,
                "text": {
                  "start": 11,
                  "end": 12
                }
              },
              {
                "id": 1,
                "x": 96362,
                "y": 83873,
                "text": {
                  "start": 12,
                  "end": 13
                }
              },
              {
                "id": 29,
                "x": 100657,
                "y": 83873,
                "text": {
                  "start": 13,
                  "end": 14
                }
              },
              {
                "id": 52,
                "x": 111108,
                "y": 83873,
                "text": {
                  "start": 14,
                  "end": 15
                }
              },
              {
                "id": 47,
                "x": 120730,
                "y": 83873,
                "text": {
                  "start": 15,
                  "end": 16
                }
              },
              {
                "id": 32,
                "x": 126720,
                "y": 83873,
                "text": {
                  "start": 16,
                  "end": 17
                }
              },
              {
                "id": 1,
                "x": 136120,
                "y": 83873,
                "text": {
                  "start": 17,
                  "end": 18
                }
              },
              {
                "id": 45,
                "x": 140415,
                "y": 83873,
                "text": {
                  "start": 18,
                  "end": 19
                }
              },
              {
                "id": 32,
                "x": 148027,
                "y": 83873,
                "text": {
                  "start": 19,
                  "end": 20
                }
              },
              {
                "id": 40,
                "x": 157427,
                "y": 83873,
                "text": {
                  "start": 20,
                  "end": 21
                }
              },
              {
                "id": 28,
                "x": 174034,
                "y": 83873,
                "text": {
                  "start": 21,
                  "end": 22
                }
              },
              {
                "id": 36,
                "x": 183416,
                "y": 83873,
                "text": {
                  "start": 22,
                  "end": 23
                }
              },
              {
                "id": 41,
                "x": 188909,
                "y": 83873,
                "text": {
                  "start": 23,
                  "end": 24
                }
              },
              {
                "id": 46,
                "x": 200079,
                "y": 83873,
                "text": {
                  "start": 24,
                  "end": 25
                }
              },
              {
                "id": 1,
                "x": 208078,
                "y": 83873,
                "text": {
                  "start": 25,
                  "end": 26
                }
              }
            ],
            "layer": "content"
          },
          {
            "type": "glyphs",
            "face": {
              "family": "Source Serif Pro",
              "hash": "199c8adc83479480d9aa5d942afe8f52"
            },
            "size": 18432,
            "color": [
              0,
              0,
              0,
              255
            ],
            "text": "in reading order, ",
            "glyphs": [
              {
                "id": 36,
                "x": 28160,
                "y": 105991,
                "text": {
                  "start": 0,
                  "end": 1
                }
              },
              {
                "id": 41,
                "x": 33653,
                "y": 105991,
                "text": {
                  "start": 1,
                  "end": 2
                }
              },
              {
                "id": 1,
                "x": 44823,
                "y": 105991,
                "text": {
                  "start": 2,
                  "end": 3
                }
              },
              {
                "id": 45,
                "x": 49118,
                "y": 105991,
                "text": {
                  "start": 3,
                  "end": 4
                }
              },
              {
                "id": 32,
                "x": 56730,
                "y": 105991,
                "text": {
                  "start": 4,
                  "end": 5
                }
              },
              {
                "id": 28,
                "x": 65946,
                "y": 105991,
                "text": {
                  "start": 5,
                  "end": 6
                }
              },
              {
                "id": 31,
                "x": 75328,
                "y": 105991,
                "text": {
                  "start": 6,
                  "end": 7
                }
              },
              {
                "id": 36,
                "x": 85779,
                "y": 105991,
                "text": {
                  "start": 7,
                  "end": 8
                }
              },
              {
                "id": 41,
                "x": 91272,
                "y": 105991,
                "text": {
                  "start": 8,
                  "end": 9
                }
              },
              {
                "id": 34,
                "x": 102442,
                "y": 105991,
                "text": {
                  "start": 9,
                  "end": 10
                }
              },
              {
                "id": 1,
                "x": 111990,
                "y": 105991,
                "text": {
                  "start": 10,
                  "end": 11
                }
              },
              {
                "id": 42,
                "x": 116285,
                "y": 105991,
                "text": {
                  "start": 11,
                  "end": 12
                }
              },
              {
                "id": 45,
                "x": 126404,
                "y": 105991,
                "text": {
                  "start": 12,
                  "end": 13
                }
              },
              {
                "id": 31,
                "x": 134016,
                "y": 105991,
                "text": {
                  "start": 13,
                  "end": 14
                }
              },
              {
                "id": 32,
                "x": 144467,
                "y": 105991,
                "text": {
                  "start": 14,
                  "end": 15
                }
              },
              {
                "id": 45,
                "x": 153867,
                "y": 105991,
                "text": {
                  "start": 15,
                  "end": 16
                }
              },
              {
                "id": 474,
                "x": 159986,
                "y": 105991,
                "text": {
                  "start": 16,
                  "end": 17
                }
              },
              {
                "id": 1,
                "x": 165516,
                "y": 105991,
                "text": {
                  "start": 17,
                  "end": 18
                }
              }
            ],
            "layer": "content"
          },
          {
            "type": "glyphs",
            "face": {
              "family": "Source Serif Pro",
              "hash": "199c8adc83479480d9aa5d942afe8f52"
            },
            "size": 18432,
            "color": [
              0,
              0,
              0,
              255
            ],
            "text": "and the ",
            "glyphs": [
              {
                "id": 28,
                "x": 56320,
                "y": 128109,
                "text": {
                  "start": 0,
                  "end": 1
                }
              },
              {
                "id": 41,
                "x": 65610,
                "y": 128109,
                "text": {
                  "start": 1,
                  "end": 2
                }
              },
              {
                "id": 31,
                "x": 76780,
                "y": 128109,
                "text": {
                  "start": 2,
                  "end": 3
                }
              },
              {
                "id": 1,
                "x": 87231,
                "y": 128109,
                "text": {
                  "start": 3,
                  "end": 4
                }
              },
              {
                "id": 47,
                "x": 91526,
                "y": 128109,
                "text": {
                  "start": 4,
                  "end": 5
                }
              },
              {
                "id": 35,
                "x": 97516,
                "y": 128109,
                "text": {
                  "start": 5,
                  "end": 6
                }
              },
              {
                "id": 32,
                "x": 108594,
                "y": 128109,
                "text": {
                  "start": 6,
                  "end": 7
                }
              },
              {
                "id": 1,
                "x": 117994,
                "y": 128109,
                "text": {
                  "start": 7,
                  "end": 8
                }
              }
            ],
            "layer": "content"
          },
          {
            "type": "glyphs",
            "face": {
              "family": "Source Serif Pro",
              "hash": "199c8adc83479480d9aa5d942afe8f52"
            },
            "size": 18432,
            "color": [
              0,
              0,
              0,
              255
            ],
            "text": "relation reports its first ",
            "glyphs": [
              {
                "id": 45,
                "x": 0,
                "y": 150227,
                "text": {
                  "start": 0,
                  "end": 1
                }
              },
              {
                "id": 32,
                "x": 7612,
                "y": 150227,
                "text": {
                  "start": 1,
                  "end": 2
                }
              },
              {
                "id": 39,
                "x": 16828,
                "y": 150227,
                "text": {
                  "start": 2,
                  "end": 3
                }
              },
              {
                "id": 28,
                "x": 22136,
                "y": 150227,
                "text": {
                  "start": 3,
                  "end": 4
                }
              },
              {
                "id": 47,
                "x": 31518,
                "y": 150227,
                "text": {
                  "start": 4,
                  "end": 5
                }
              },
              {
                "id": 36,
                "x": 37508,
                "y": 150227,
                "text": {
                  "start": 5,
                  "end": 6
                }
              },
              {
                "id": 42,
                "x": 43001,
                "y": 150227,
                "text": {
                  "start": 6,
                  "end": 7
                }
              },
              {
                "id": 41,
                "x": 53120,
                "y": 150227,
                "text": {
                  "start": 7,
                  "end": 8
                }
              },
              {
                "id": 1,
                "x": 64290,
                "y": 150227,
                "text": {
                  "start": 8,
                  "end": 9
                }
              },
              {
                "id": 45,
                "x": 68585,
                "y": 150227,
                "text": {
                  "start": 9,
                  "end": 10
                }
              },
              {
                "id": 32,
                "x": 76197,
                "y": 150227,
                "text": {
                  "start": 10,
                  "end": 11
                }
              },
              {
                "id": 43,
                "x": 85413,
                "y": 150227,
                "text": {
                  "start": 11,
                  "end": 12
                }
              },
              {
                "id": 42,
                "x": 96159,
                "y": 150227,
                "text": {
                  "start": 12,
                  "end": 13
                }
              },
              {
                "id": 45,
                "x": 106278,
                "y": 150227,
                "text": {
                  "start": 13,
                  "end": 14
                }
              },
              {
                "id": 47,
                "x": 114425,
                "y": 150227,
                "text": {
                  "start": 14,
                  "end": 15
                }
              },
              {
                "id": 46,
                "x": 120415,
                "y": 150227,
                "text": {
                  "start": 15,
                  "end": 16
                }
              },
              {
                "id": 1,
                "x": 128414,
                "y": 150227,
                "text": {
                  "start": 16,
                  "end": 17
                }
              },
              {
                "id": 36,
                "x": 132709,
                "y": 150227,
                "text": {
                  "start": 17,
                  "end": 18
                }
              },
              {
                "id": 47,
                "x": 138202,
                "y": 150227,
                "text": {
                  "start": 18,
                  "end": 19
                }
              },
              {
                "id": 46,
                "x": 144192,
                "y": 150227,
                "text": {
                  "start": 19,
                  "end": 20
                }
              },
              {
                "id": 1,
                "x": 152191,
                "y": 150227,
                "text": {
                  "start": 20,
                  "end": 21
                }
              },
              {
                "id": 414,
                "x": 156486,
                "y": 150227,
                "text": {
                  "start": 21,
                  "end": 23
                }
              },
              {
                "id": 45,
                "x": 167859,
                "y": 150227,
                "text": {
                  "start": 23,
                  "end": 24
                }
              },
              {
                "id": 46,
                "x": 175471,
                "y": 150227,
                "text": {
                  "start": 24,
                  "end": 25
                }
              },
              {
                "id": 47,
                "x": 183470,
                "y": 150227,
                "text": {
                  "start": 25,
                  "end": 26
                }
              },
              {
                "id": 1,
                "x": 189460,
                "y": 150227,
                "text": {
                  "start": 26,
                  "end": 27
                }
              }
            ],
            "layer": "content"
          },
          {
            "type": "glyphs",
            "face": {
              "family": "Source Serif Pro",
              "hash": "199c8adc83479480d9aa5d942afe8f52"
            },
            "size": 18432,
            "color": [
              0,
              0,
              0,
              255
            ],
            "text": "line.",
            "glyphs": [
              {
                "id": 39,
                "x": 28160,
                "y": 172345,
                "text": {
                  "start": 0,
                  "end": 1
                }
              },
              {
                "id": 36,
                "x": 33653,
                "y": 172345,
                "text": {
                  "start": 1,
                  "end": 2
                }
              },
              {
                "id": 41,
                "x": 39146,
                "y": 172345,
                "text": {
                  "start": 2,
                  "end": 3
                }
              },
              {
                "id": 32,
                "x": 50316,
                "y": 172345,
                "text": {
                  "start": 3,
                  "end": 4
                }
              },
              {
                "id": 473,
                "x": 59182,
                "y": 172345,
                "text": {
                  "start": 4,
                  "end": 5
                }
              }
            ],
            "layer": "content"
          }
        ]
      }
    ]
  }
]
