---
source: crates/fixtures/tests/hostile.rs
expression: snapshot.to_json()
---
{
  "revision": [
    [
      1,
      147
    ]
  ],
  "adapter": {
    "name": "harfrust",
    "version": "0.13.3",
    "platform_independent": true
  },
  "composer": "greedy",
  "medium": {
    "width": 430080,
    "height": 307200
  },
  "settings": {
    "max_pages": 1000,
    "paragraph_spacing": 8192,
    "annotation_spacing": 4096
  },
  "template": {
    "name": "default",
    "source": "builtin"
  },
  "pages": [
    {
      "width": 430080,
      "height": 307200
    }
  ],
  "frames": [
    {
      "name": "main",
      "role": {
        "flow": "main"
      },
      "page": 0,
      "to_page": {
        "xx": 65536,
        "yx": 0,
        "xy": 0,
        "yy": 65536,
        "tx": 36864,
        "ty": 36864
      },
      "rect": {
        "origin": {
          "x": 0,
          "y": 0
        },
        "width": 225280,
        "height": 233472
      }
    },
    {
      "name": "margin",
      "role": "margin",
      "page": 0,
      "to_page": {
        "xx": 65536,
        "yx": 0,
        "xy": 0,
        "yy": 65536,
        "tx": 280576,
        "ty": 36864
      },
      "rect": {
        "origin": {
          "x": 0,
          "y": 0
        },
        "width": 112640,
        "height": 233472
      }
    }
  ],
  "blocks": [
    {
      "node": "6@1",
      "kind": "paragraph",
      "style": {
        "family": "Source Serif Pro",
        "size": 11264,
        "line_height": 13517,
        "explain": {
          "family": "default",
          "line-height": "default",
          "size": "style body"
        }
      },
      "lines": [
        {
          "frame": 0,
          "text": {
            "start": 0,
            "end": 18
          },
          "preview": "office é אבג",
          "rect": {
            "origin": {
              "x": 0,
              "y": 0
            },
            "width": 225280,
            "height": 13517
          },
          "baseline": 10707,
          "width": 60411,
          "explanation": {
            "reason": "forced",
            "score": null,
            "adjustment": {
              "word_spacing": 0,
              "letter_spacing": 0
            },
            "reshaped": false
          },
          "runs": [
            {
              "range": {
                "start": 0,
                "end": 11
              },
              "face": {
                "family": "Source Serif Pro",
                "hash": "199c8adc83479480d9aa5d942afe8f52"
              },
              "size": 11264,
              "level": 0,
              "x": 0,
              "width": 38784
            },
            {
              "range": {
                "start": 11,
                "end": 17
              },
              "face": {
                "family": "Source Serif Pro",
                "hash": "199c8adc83479480d9aa5d942afe8f52"
              },
              "size": 11264,
              "level": 1,
              "x": 38784,
              "width": 21627
            },
            {
              "range": {
                "start": 17,
                "end": 18
              },
              "face": {
                "family": "Source Serif Pro",
                "hash": "199c8adc83479480d9aa5d942afe8f52"
              },
              "size": 11264,
              "level": 0,
              "x": 60411,
              "width": 7209
            }
          ]
        },
        {
          "frame": 0,
          "text": {
            "start": 18,
            "end": 41
          },
          "preview": "A second authored line.",
          "rect": {
            "origin": {
              "x": 0,
              "y": 13517
            },
            "width": 225280,
            "height": 13517
          },
          "baseline": 24224,
          "width": 118918,
          "explanation": {
            "reason": "end",
            "score": null,
            "adjustment": {
              "word_spacing": 0,
              "letter_spacing": 0
            },
            "reshaped": false
          },
          "runs": [
            {
              "range": {
                "start": 18,
                "end": 41
              },
              "face": {
                "family": "Source Serif Pro",
                "hash": "199c8adc83479480d9aa5d942afe8f52"
              },
              "size": 11264,
              "level": 0,
              "x": 0,
              "width": 118918
            }
          ]
        }
      ]
    },
    {
      "node": "102@1",
      "kind": "paragraph",
      "style": {
        "family": "Source Serif Pro",
        "size": 11264,
        "line_height": 13517,
        "explain": {
          "family": "default",
          "line-height": "default",
          "size": "style body"
        }
      },
      "lines": [
        {
          "frame": 0,
          "text": {
            "start": 0,
            "end": 40
          },
          "preview": "Outside a partial copy; inside copy-all.",
          "rect": {
            "origin": {
              "x": 0,
              "y": 35226
            },
            "width": 225280,
            "height": 13517
          },
          "baseline": 45933,
          "width": 191493,
          "explanation": {
            "reason": "end",
            "score": null,
            "adjustment": {
              "word_spacing": 0,
              "letter_spacing": 0
            },
            "reshaped": false
          },
          "runs": [
            {
              "range": {
                "start": 0,
                "end": 40
              },
              "face": {
                "family": "Source Serif Pro",
                "hash": "199c8adc83479480d9aa5d942afe8f52"
              },
              "size": 11264,
              "level": 0,
              "x": 0,
              "width": 191493
            }
          ]
        }
      ]
    },
    {
      "node": "62@1",
      "kind": "annotation",
      "style": {
        "family": "Source Serif Pro",
        "size": 8448,
        "line_height": 10560,
        "explain": {
          "family": "default",
          "line-height": "style note",
          "size": "style note"
        }
      },
      "lines": [
        {
          "frame": 1,
          "text": {
            "start": 0,
            "end": 25
          },
          "preview": "A copied note beside the",
          "rect": {
            "origin": {
              "x": 0,
              "y": 0
            },
            "width": 112640,
            "height": 10560
          },
          "baseline": 8241,
          "width": 92019,
          "explanation": {
            "reason": "opportunity",
            "score": null,
            "adjustment": {
              "word_spacing": 0,
              "letter_spacing": 0
            },
            "reshaped": false
          },
          "runs": [
            {
              "range": {
                "start": 0,
                "end": 25
              },
              "face": {
                "family": "Source Serif Pro",
                "hash": "199c8adc83479480d9aa5d942afe8f52"
              },
              "size": 8448,
              "level": 0,
              "x": 0,
              "width": 93987
            }
          ]
        },
        {
          "frame": 1,
          "text": {
            "start": 25,
            "end": 34
          },
          "preview": "ligature.",
          "rect": {
            "origin": {
              "x": 0,
              "y": 10560
            },
            "width": 112640,
            "height": 10560
          },
          "baseline": 18801,
          "width": 31300,
          "explanation": {
            "reason": "end",
            "score": null,
            "adjustment": {
              "word_spacing": 0,
              "letter_spacing": 0
            },
            "reshaped": false
          },
          "runs": [
            {
              "range": {
                "start": 25,
                "end": 34
              },
              "face": {
                "family": "Source Serif Pro",
                "hash": "199c8adc83479480d9aa5d942afe8f52"
              },
              "size": 8448,
              "level": 0,
              "x": 0,
              "width": 31300
            }
          ]
        }
      ]
    }
  ],
  "relations": [
    {
      "id": "100@1",
      "schema": "reprise.follow",
      "owner": "62@1",
      "status": "valid",
      "applied": true,
      "targets": [
        {
          "role": "line",
          "status": "valid",
          "resolved": {
            "line": {
              "node": "6@1",
              "line": 0
            }
          }
        }
      ]
    },
    {
      "id": "146@1",
      "schema": "reprise.reference",
      "owner": "6@1",
      "status": "valid",
      "applied": true,
      "targets": [
        {
          "role": "to",
          "status": "valid",
          "resolved": {
            "node": "102@1"
          }
        }
      ]
    }
  ],
  "diagnostics": []
}
