---
source: crates/fixtures/tests/hostile.rs
expression: snapshot.to_json()
---
{
  "revision": [
    [
      1,
      58
    ]
  ],
  "adapter": {
    "name": "harfrust",
    "version": "0.13.3",
    "platform_independent": true
  },
  "composer": "greedy",
  "medium": {
    "width": 430080,
    "height": 307200
  },
  "settings": {
    "max_pages": 1000,
    "paragraph_spacing": 8192,
    "annotation_spacing": 4096
  },
  "template": {
    "name": "default",
    "source": "builtin"
  },
  "pages": [
    {
      "width": 430080,
      "height": 307200
    },
    {
      "width": 430080,
      "height": 307200
    }
  ],
  "frames": [
    {
      "name": "main",
      "role": {
        "flow": "main"
      },
      "page": 0,
      "to_page": {
        "xx": 65536,
        "yx": 0,
        "xy": 0,
        "yy": 65536,
        "tx": 36864,
        "ty": 36864
      },
      "rect": {
        "origin": {
          "x": 0,
          "y": 0
        },
        "width": 225280,
        "height": 233472
      }
    },
    {
      "name": "margin",
      "role": "margin",
      "page": 0,
      "to_page": {
        "xx": 65536,
        "yx": 0,
        "xy": 0,
        "yy": 65536,
        "tx": 280576,
        "ty": 36864
      },
      "rect": {
        "origin": {
          "x": 0,
          "y": 0
        },
        "width": 112640,
        "height": 233472
      }
    },
    {
      "name": "main",
      "role": {
        "flow": "main"
      },
      "page": 1,
      "to_page": {
        "xx": 65536,
        "yx": 0,
        "xy": 0,
        "yy": 65536,
        "tx": 36864,
        "ty": 36864
      },
      "rect": {
        "origin": {
          "x": 0,
          "y": 0
        },
        "width": 225280,
        "height": 233472
      }
    },
    {
      "name": "margin",
      "role": "margin",
      "page": 1,
      "to_page": {
        "xx": 65536,
        "yx": 0,
        "xy": 0,
        "yy": 65536,
        "tx": 280576,
        "ty": 36864
      },
      "rect": {
        "origin": {
          "x": 0,
          "y": 0
        },
        "width": 112640,
        "height": 233472
      }
    }
  ],
  "blocks": [
    {
      "node": "6@1",
      "kind": "image",
      "style": {
        "family": "Source Serif Pro",
        "size": 11264,
        "line_height": 13517,
        "explain": {
          "family": "default",
          "line-height": "default",
          "size": "style body"
        }
      },
      "lines": [
        {
          "frame": 0,
          "text": {
            "start": 0,
            "end": 9
          },
          "preview": "One pixel",
          "rect": {
            "origin": {
              "x": 0,
              "y": 0
            },
            "width": 768,
            "height": 768
          },
          "baseline": 0,
          "width": 768,
          "explanation": {
            "reason": "end",
            "score": null,
            "adjustment": {
              "word_spacing": 0,
              "letter_spacing": 0
            },
            "reshaped": false
          },
          "runs": []
        }
      ],
      "image": {
        "asset": "49e1dad481e94dfab7c9573a9a81d56aa2ca629fe15a3f7a910aa4f47601c00d",
        "alt": "One pixel",
        "frame": 0,
        "rect": {
          "origin": {
            "x": 0,
            "y": 0
          },
          "width": 768,
          "height": 768
        },
        "placeholder": false
      }
    },
    {
      "node": "20@1",
      "kind": "image",
      "style": {
        "family": "Source Serif Pro",
        "size": 11264,
        "line_height": 13517,
        "explain": {
          "family": "default",
          "line-height": "default",
          "size": "style body"
        }
      },
      "lines": [
        {
          "frame": 2,
          "text": {
            "start": 0,
            "end": 34
          },
          "preview": "65535 square pixels; metadata only",
          "rect": {
            "origin": {
              "x": 0,
              "y": 0
            },
            "width": 225280,
            "height": 225280
          },
          "baseline": 0,
          "width": 225280,
          "explanation": {
            "reason": "end",
            "score": null,
            "adjustment": {
              "word_spacing": 0,
              "letter_spacing": 0
            },
            "reshaped": false
          },
          "runs": []
        }
      ],
      "image": {
        "asset": "a7889659c2efc639c253bed57c125006a6efea080c0a558819d158a8dd467fc2",
        "alt": "65535 square pixels; metadata only",
        "frame": 2,
        "rect": {
          "origin": {
            "x": 0,
            "y": 0
          },
          "width": 225280,
          "height": 225280
        },
        "placeholder": false
      }
    }
  ],
  "relations": [],
  "diagnostics": [
    {
      "severity": "warning",
      "code": "layout.image-size",
      "subject": {
        "kind": "node",
        "id": "20@1"
      },
      "message": "image scaled proportionally to the frame's inline extent",
      "bytes": null
    }
  ]
}
