---
source: crates/fixtures/tests/hostile.rs
expression: "serde_json::to_string_pretty(&content).unwrap()"
---
[
  {
    "width": 430080,
    "height": 307200,
    "items": [
      {
        "type": "group",
        "transform": {
          "xx": 65536,
          "yx": 0,
          "xy": 0,
          "yy": 65536,
          "tx": 36864,
          "ty": 36864
        },
        "clip": null,
        "items": [
          {
            "type": "glyphs",
            "face": {
              "family": "Source Serif Pro",
              "hash": "199c8adc83479480d9aa5d942afe8f52"
            },
            "size": 11264,
            "color": [
              0,
              0,
              0,
              255
            ],
            "text": "The optimal composer weighs every ",
            "glyphs": [
              {
                "id": 21,
                "x": 0,
                "y": 10707,
                "text": {
                  "start": 0,
                  "end": 1
                }
              },
              {
                "id": 35,
                "x": 6803,
                "y": 10707,
                "text": {
                  "start": 1,
                  "end": 2
                }
              },
              {
                "id": 32,
                "x": 13573,
                "y": 10707,
                "text": {
                  "start": 2,
                  "end": 3
                }
              },
              {
                "id": 1,
                "x": 19318,
                "y": 10707,
                "text": {
                  "start": 3,
                  "end": 4
                }
              },
              {
                "id": 42,
                "x": 21943,
                "y": 10707,
                "text": {
                  "start": 4,
                  "end": 5
                }
              },
              {
                "id": 43,
                "x": 28014,
                "y": 10707,
                "text": {
                  "start": 5,
                  "end": 6
                }
              },
              {
                "id": 47,
                "x": 34468,
                "y": 10707,
                "text": {
                  "start": 6,
                  "end": 7
                }
              },
              {
                "id": 36,
                "x": 38129,
                "y": 10707,
                "text": {
                  "start": 7,
                  "end": 8
                }
              },
              {
                "id": 40,
                "x": 41486,
                "y": 10707,
                "text": {
                  "start": 8,
                  "end": 9
                }
              },
              {
                "id": 28,
                "x": 51635,
                "y": 10707,
                "text": {
                  "start": 9,
                  "end": 10
                }
              },
              {
                "id": 39,
                "x": 57368,
                "y": 10707,
                "text": {
                  "start": 10,
                  "end": 11
                }
              },
              {
                "id": 1,
                "x": 60725,
                "y": 10707,
                "text": {
                  "start": 11,
                  "end": 12
                }
              },
              {
                "id": 30,
                "x": 63350,
                "y": 10707,
                "text": {
                  "start": 12,
                  "end": 13
                }
              },
              {
                "id": 42,
                "x": 68847,
                "y": 10707,
                "text": {
                  "start": 13,
                  "end": 14
                }
              },
              {
                "id": 40,
                "x": 75031,
                "y": 10707,
                "text": {
                  "start": 14,
                  "end": 15
                }
              },
              {
                "id": 43,
                "x": 85011,
                "y": 10707,
                "text": {
                  "start": 15,
                  "end": 16
                }
              },
              {
                "id": 42,
                "x": 91578,
                "y": 10707,
                "text": {
                  "start": 16,
                  "end": 17
                }
              },
              {
                "id": 46,
                "x": 97762,
                "y": 10707,
                "text": {
                  "start": 17,
                  "end": 18
                }
              },
              {
                "id": 32,
                "x": 102651,
                "y": 10707,
                "text": {
                  "start": 18,
                  "end": 19
                }
              },
              {
                "id": 45,
                "x": 108396,
                "y": 10707,
                "text": {
                  "start": 19,
                  "end": 20
                }
              },
              {
                "id": 1,
                "x": 113161,
                "y": 10707,
                "text": {
                  "start": 20,
                  "end": 21
                }
              },
              {
                "id": 50,
                "x": 115786,
                "y": 10707,
                "text": {
                  "start": 21,
                  "end": 22
                }
              },
              {
                "id": 32,
                "x": 124166,
                "y": 10707,
                "text": {
                  "start": 22,
                  "end": 23
                }
              },
              {
                "id": 36,
                "x": 129911,
                "y": 10707,
                "text": {
                  "start": 23,
                  "end": 24
                }
              },
              {
                "id": 34,
                "x": 133268,
                "y": 10707,
                "text": {
                  "start": 24,
                  "end": 25
                }
              },
              {
                "id": 35,
                "x": 138990,
                "y": 10707,
                "text": {
                  "start": 25,
                  "end": 26
                }
              },
              {
                "id": 46,
                "x": 145760,
                "y": 10707,
                "text": {
                  "start": 26,
                  "end": 27
                }
              },
              {
                "id": 1,
                "x": 150649,
                "y": 10707,
                "text": {
                  "start": 27,
                  "end": 28
                }
              },
              {
                "id": 32,
                "x": 153274,
                "y": 10707,
                "text": {
                  "start": 28,
                  "end": 29
                }
              },
              {
                "id": 49,
                "x": 158906,
                "y": 10707,
                "text": {
                  "start": 29,
                  "end": 30
                }
              },
              {
                "id": 32,
                "x": 164369,
                "y": 10707,
                "text": {
                  "start": 30,
                  "end": 31
                }
              },
              {
                "id": 45,
                "x": 170114,
                "y": 10707,
                "text": {
                  "start": 31,
                  "end": 32
                }
              },
              {
                "id": 52,
                "x": 174991,
                "y": 10707,
                "text": {
                  "start": 32,
                  "end": 33
                }
              },
              {
                "id": 1,
                "x": 180758,
                "y": 10707,
                "text": {
                  "start": 33,
                  "end": 34
                }
              }
            ],
            "layer": "content"
          },
          {
            "type": "glyphs",
            "face": {
              "family": "Source Serif Pro",
              "hash": "199c8adc83479480d9aa5d942afe8f52"
            },
            "size": 11264,
            "color": [
              0,
              0,
              0,
              255
            ],
            "text": "line of a paragraph at once, so a ",
            "glyphs": [
              {
                "id": 39,
                "x": 0,
                "y": 24224,
                "text": {
                  "start": 0,
                  "end": 1
                }
              },
              {
                "id": 36,
                "x": 3357,
                "y": 24224,
                "text": {
                  "start": 1,
                  "end": 2
                }
              },
              {
                "id": 41,
                "x": 6714,
                "y": 24224,
                "text": {
                  "start": 2,
                  "end": 3
                }
              },
              {
                "id": 32,
                "x": 13540,
                "y": 24224,
                "text": {
                  "start": 3,
                  "end": 4
                }
              },
              {
                "id": 1,
                "x": 19285,
                "y": 24224,
                "text": {
                  "start": 4,
                  "end": 5
                }
              },
              {
                "id": 42,
                "x": 21910,
                "y": 24224,
                "text": {
                  "start": 5,
                  "end": 6
                }
              },
              {
                "id": 33,
                "x": 28094,
                "y": 24224,
                "text": {
                  "start": 6,
                  "end": 7
                }
              },
              {
                "id": 1,
                "x": 32081,
                "y": 24224,
                "text": {
                  "start": 7,
                  "end": 8
                }
              },
              {
                "id": 28,
                "x": 34706,
                "y": 24224,
                "text": {
                  "start": 8,
                  "end": 9
                }
              },
              {
                "id": 1,
                "x": 40439,
                "y": 24224,
                "text": {
                  "start": 9,
                  "end": 10
                }
              },
              {
                "id": 43,
                "x": 43064,
                "y": 24224,
                "text": {
                  "start": 10,
                  "end": 11
                }
              },
              {
                "id": 28,
                "x": 49631,
                "y": 24224,
                "text": {
                  "start": 11,
                  "end": 12
                }
              },
              {
                "id": 45,
                "x": 55308,
                "y": 24224,
                "text": {
                  "start": 12,
                  "end": 13
                }
              },
              {
                "id": 28,
                "x": 59949,
                "y": 24224,
                "text": {
                  "start": 13,
                  "end": 14
                }
              },
              {
                "id": 34,
                "x": 65570,
                "y": 24224,
                "text": {
                  "start": 14,
                  "end": 15
                }
              },
              {
                "id": 45,
                "x": 71405,
                "y": 24224,
                "text": {
                  "start": 15,
                  "end": 16
                }
              },
              {
                "id": 28,
                "x": 76046,
                "y": 24224,
                "text": {
                  "start": 16,
                  "end": 17
                }
              },
              {
                "id": 43,
                "x": 81554,
                "y": 24224,
                "text": {
                  "start": 17,
                  "end": 18
                }
              },
              {
                "id": 35,
                "x": 88008,
                "y": 24224,
                "text": {
                  "start": 18,
                  "end": 19
                }
              },
              {
                "id": 1,
                "x": 94778,
                "y": 24224,
                "text": {
                  "start": 19,
                  "end": 20
                }
              },
              {
                "id": 28,
                "x": 97403,
                "y": 24224,
                "text": {
                  "start": 20,
                  "end": 21
                }
              },
              {
                "id": 47,
                "x": 103136,
                "y": 24224,
                "text": {
                  "start": 21,
                  "end": 22
                }
              },
              {
                "id": 1,
                "x": 106797,
                "y": 24224,
                "text": {
                  "start": 22,
                  "end": 23
                }
              },
              {
                "id": 42,
                "x": 109422,
                "y": 24224,
                "text": {
                  "start": 23,
                  "end": 24
                }
              },
              {
                "id": 41,
                "x": 115606,
                "y": 24224,
                "text": {
                  "start": 24,
                  "end": 25
                }
              },
              {
                "id": 30,
                "x": 122432,
                "y": 24224,
                "text": {
                  "start": 25,
                  "end": 26
                }
              },
              {
                "id": 32,
                "x": 127929,
                "y": 24224,
                "text": {
                  "start": 26,
                  "end": 27
                }
              },
              {
                "id": 474,
                "x": 133347,
                "y": 24224,
                "text": {
                  "start": 27,
                  "end": 28
                }
              },
              {
                "id": 1,
                "x": 136726,
                "y": 24224,
                "text": {
                  "start": 28,
                  "end": 29
                }
              },
              {
                "id": 46,
                "x": 139351,
                "y": 24224,
                "text": {
                  "start": 29,
                  "end": 30
                }
              },
              {
                "id": 42,
                "x": 144240,
                "y": 24224,
                "text": {
                  "start": 30,
                  "end": 31
                }
              },
              {
                "id": 1,
                "x": 150424,
                "y": 24224,
                "text": {
                  "start": 31,
                  "end": 32
                }
              },
              {
                "id": 28,
                "x": 153049,
                "y": 24224,
                "text": {
                  "start": 32,
                  "end": 33
                }
              },
              {
                "id": 1,
                "x": 158782,
                "y": 24224,
                "text": {
                  "start": 33,
                  "end": 34
                }
              }
            ],
            "layer": "content"
          },
          {
            "type": "glyphs",
            "face": {
              "family": "Source Serif Pro",
              "hash": "199c8adc83479480d9aa5d942afe8f52"
            },
            "size": 11264,
            "color": [
              0,
              0,
              0,
              255
            ],
            "text": "Pneumonoultramicroscopicsilicovolcanoconiosis ",
            "glyphs": [
              {
                "id": 17,
                "x": 0,
                "y": 37741,
                "text": {
                  "start": 0,
                  "end": 1
                }
              },
              {
                "id": 41,
                "x": 6522,
                "y": 37741,
                "text": {
                  "start": 1,
                  "end": 2
                }
              },
              {
                "id": 32,
                "x": 13348,
                "y": 37741,
                "text": {
                  "start": 2,
                  "end": 3
                }
              },
              {
                "id": 48,
                "x": 19093,
                "y": 37741,
                "text": {
                  "start": 3,
                  "end": 4
                }
              },
              {
                "id": 40,
                "x": 25660,
                "y": 37741,
                "text": {
                  "start": 4,
                  "end": 5
                }
              },
              {
                "id": 42,
                "x": 35809,
                "y": 37741,
                "text": {
                  "start": 5,
                  "end": 6
                }
              },
              {
                "id": 41,
                "x": 41993,
                "y": 37741,
                "text": {
                  "start": 6,
                  "end": 7
                }
              },
              {
                "id": 42,
                "x": 48819,
                "y": 37741,
                "text": {
                  "start": 7,
                  "end": 8
                }
              },
              {
                "id": 48,
                "x": 54890,
                "y": 37741,
                "text": {
                  "start": 8,
                  "end": 9
                }
              },
              {
                "id": 39,
                "x": 61457,
                "y": 37741,
                "text": {
                  "start": 9,
                  "end": 10
                }
              },
              {
                "id": 47,
                "x": 64814,
                "y": 37741,
                "text": {
                  "start": 10,
                  "end": 11
                }
              },
              {
                "id": 45,
                "x": 68475,
                "y": 37741,
                "text": {
                  "start": 11,
                  "end": 12
                }
              },
              {
                "id": 28,
                "x": 73116,
                "y": 37741,
                "text": {
                  "start": 12,
                  "end": 13
                }
              },
              {
                "id": 40,
                "x": 78793,
                "y": 37741,
                "text": {
                  "start": 13,
                  "end": 14
                }
              },
              {
                "id": 36,
                "x": 88942,
                "y": 37741,
                "text": {
                  "start": 14,
                  "end": 15
                }
              },
              {
                "id": 30,
                "x": 92299,
                "y": 37741,
                "text": {
                  "start": 15,
                  "end": 16
                }
              },
              {
                "id": 45,
                "x": 97796,
                "y": 37741,
                "text": {
                  "start": 16,
                  "end": 17
                }
              },
              {
                "id": 42,
                "x": 102448,
                "y": 37741,
                "text": {
                  "start": 17,
                  "end": 18
                }
              },
              {
                "id": 46,
                "x": 108632,
                "y": 37741,
                "text": {
                  "start": 18,
                  "end": 19
                }
              },
              {
                "id": 30,
                "x": 113521,
                "y": 37741,
                "text": {
                  "start": 19,
                  "end": 20
                }
              },
              {
                "id": 42,
                "x": 119018,
                "y": 37741,
                "text": {
                  "start": 20,
                  "end": 21
                }
              },
              {
                "id": 43,
                "x": 125089,
                "y": 37741,
                "text": {
                  "start": 21,
                  "end": 22
                }
              },
              {
                "id": 36,
                "x": 131656,
                "y": 37741,
                "text": {
                  "start": 22,
                  "end": 23
                }
              },
              {
                "id": 30,
                "x": 135013,
                "y": 37741,
                "text": {
                  "start": 23,
                  "end": 24
                }
              },
              {
                "id": 46,
                "x": 140510,
                "y": 37741,
                "text": {
                  "start": 24,
                  "end": 25
                }
              },
              {
                "id": 36,
                "x": 145399,
                "y": 37741,
                "text": {
                  "start": 25,
                  "end": 26
                }
              },
              {
                "id": 39,
                "x": 148756,
                "y": 37741,
                "text": {
                  "start": 26,
                  "end": 27
                }
              },
              {
                "id": 36,
                "x": 152113,
                "y": 37741,
                "text": {
                  "start": 27,
                  "end": 28
                }
              },
              {
                "id": 30,
                "x": 155470,
                "y": 37741,
                "text": {
                  "start": 28,
                  "end": 29
                }
              },
              {
                "id": 42,
                "x": 160967,
                "y": 37741,
                "text": {
                  "start": 29,
                  "end": 30
                }
              },
              {
                "id": 49,
                "x": 167151,
                "y": 37741,
                "text": {
                  "start": 30,
                  "end": 31
                }
              },
              {
                "id": 42,
                "x": 172614,
                "y": 37741,
                "text": {
                  "start": 31,
                  "end": 32
                }
              },
              {
                "id": 39,
                "x": 178685,
                "y": 37741,
                "text": {
                  "start": 32,
                  "end": 33
                }
              },
              {
                "id": 30,
                "x": 182042,
                "y": 37741,
                "text": {
                  "start": 33,
                  "end": 34
                }
              },
              {
                "id": 28,
                "x": 187539,
                "y": 37741,
                "text": {
                  "start": 34,
                  "end": 35
                }
              },
              {
                "id": 41,
                "x": 193216,
                "y": 37741,
                "text": {
                  "start": 35,
                  "end": 36
                }
              },
              {
                "id": 42,
                "x": 200042,
                "y": 37741,
                "text": {
                  "start": 36,
                  "end": 37
                }
              },
              {
                "id": 30,
                "x": 206226,
                "y": 37741,
                "text": {
                  "start": 37,
                  "end": 38
                }
              },
              {
                "id": 42,
                "x": 211723,
                "y": 37741,
                "text": {
                  "start": 38,
                  "end": 39
                }
              },
              {
                "id": 41,
                "x": 217907,
                "y": 37741,
                "text": {
                  "start": 39,
                  "end": 40
                }
              },
              {
                "id": 36,
                "x": 224733,
                "y": 37741,
                "text": {
                  "start": 40,
                  "end": 41
                }
              },
              {
                "id": 42,
                "x": 228090,
                "y": 37741,
                "text": {
                  "start": 41,
                  "end": 42
                }
              },
              {
                "id": 46,
                "x": 234274,
                "y": 37741,
                "text": {
                  "start": 42,
                  "end": 43
                }
              },
              {
                "id": 36,
                "x": 239163,
                "y": 37741,
                "text": {
                  "start": 43,
                  "end": 44
                }
              },
              {
                "id": 46,
                "x": 242520,
                "y": 37741,
                "text": {
                  "start": 44,
                  "end": 45
                }
              },
              {
                "id": 1,
                "x": 247409,
                "y": 37741,
                "text": {
                  "start": 45,
                  "end": 46
                }
              }
            ],
            "layer": "content"
          },
          {
            "type": "glyphs",
            "face": {
              "family": "Source Serif Pro",
              "hash": "199c8adc83479480d9aa5d942afe8f52"
            },
            "size": 11264,
            "color": [
              0,
              0,
              0,
              255
            ],
            "text": "has to overflow on a line of its own while the ",
            "glyphs": [
              {
                "id": 35,
                "x": 0,
                "y": 51258,
                "text": {
                  "start": 0,
                  "end": 1
                }
              },
              {
                "id": 28,
                "x": 6770,
                "y": 51258,
                "text": {
                  "start": 1,
                  "end": 2
                }
              },
              {
                "id": 46,
                "x": 12503,
                "y": 51258,
                "text": {
                  "start": 2,
                  "end": 3
                }
              },
              {
                "id": 1,
                "x": 17392,
                "y": 51258,
                "text": {
                  "start": 3,
                  "end": 4
                }
              },
              {
                "id": 47,
                "x": 20017,
                "y": 51258,
                "text": {
                  "start": 4,
                  "end": 5
                }
              },
              {
                "id": 42,
                "x": 23678,
                "y": 51258,
                "text": {
                  "start": 5,
                  "end": 6
                }
              },
              {
                "id": 1,
                "x": 29862,
                "y": 51258,
                "text": {
                  "start": 6,
                  "end": 7
                }
              },
              {
                "id": 42,
                "x": 32487,
                "y": 51258,
                "text": {
                  "start": 7,
                  "end": 8
                }
              },
              {
                "id": 49,
                "x": 38671,
                "y": 51258,
                "text": {
                  "start": 8,
                  "end": 9
                }
              },
              {
                "id": 32,
                "x": 44134,
                "y": 51258,
                "text": {
                  "start": 9,
                  "end": 10
                }
              },
              {
                "id": 45,
                "x": 49879,
                "y": 51258,
                "text": {
                  "start": 10,
                  "end": 11
                }
              },
              {
                "id": 415,
                "x": 54644,
                "y": 51258,
                "text": {
                  "start": 11,
                  "end": 13
                }
              },
              {
                "id": 42,
                "x": 61538,
                "y": 51258,
                "text": {
                  "start": 13,
                  "end": 14
                }
              },
              {
                "id": 50,
                "x": 67722,
                "y": 51258,
                "text": {
                  "start": 14,
                  "end": 15
                }
              },
              {
                "id": 1,
                "x": 76328,
                "y": 51258,
                "text": {
                  "start": 15,
                  "end": 16
                }
              },
              {
                "id": 42,
                "x": 78953,
                "y": 51258,
                "text": {
                  "start": 16,
                  "end": 17
                }
              },
              {
                "id": 41,
                "x": 85137,
                "y": 51258,
                "text": {
                  "start": 17,
                  "end": 18
                }
              },
              {
                "id": 1,
                "x": 91963,
                "y": 51258,
                "text": {
                  "start": 18,
                  "end": 19
                }
              },
              {
                "id": 28,
                "x": 94588,
                "y": 51258,
                "text": {
                  "start": 19,
                  "end": 20
                }
              },
              {
                "id": 1,
                "x": 100321,
                "y": 51258,
                "text": {
                  "start": 20,
                  "end": 21
                }
              },
              {
                "id": 39,
                "x": 102946,
                "y": 51258,
                "text": {
                  "start": 21,
                  "end": 22
                }
              },
              {
                "id": 36,
                "x": 106303,
                "y": 51258,
                "text": {
                  "start": 22,
                  "end": 23
                }
              },
              {
                "id": 41,
                "x": 109660,
                "y": 51258,
                "text": {
                  "start": 23,
                  "end": 24
                }
              },
              {
                "id": 32,
                "x": 116486,
                "y": 51258,
                "text": {
                  "start": 24,
                  "end": 25
                }
              },
              {
                "id": 1,
                "x": 122231,
                "y": 51258,
                "text": {
                  "start": 25,
                  "end": 26
                }
              },
              {
                "id": 42,
                "x": 124856,
                "y": 51258,
                "text": {
                  "start": 26,
                  "end": 27
                }
              },
              {
                "id": 33,
                "x": 131040,
                "y": 51258,
                "text": {
                  "start": 27,
                  "end": 28
                }
              },
              {
                "id": 1,
                "x": 135027,
                "y": 51258,
                "text": {
                  "start": 28,
                  "end": 29
                }
              },
              {
                "id": 36,
                "x": 137652,
                "y": 51258,
                "text": {
                  "start": 29,
                  "end": 30
                }
              },
              {
                "id": 47,
                "x": 141009,
                "y": 51258,
                "text": {
                  "start": 30,
                  "end": 31
                }
              },
              {
                "id": 46,
                "x": 144670,
                "y": 51258,
                "text": {
                  "start": 31,
                  "end": 32
                }
              },
              {
                "id": 1,
                "x": 149559,
                "y": 51258,
                "text": {
                  "start": 32,
                  "end": 33
                }
              },
              {
                "id": 42,
                "x": 152184,
                "y": 51258,
                "text": {
                  "start": 33,
                  "end": 34
                }
              },
              {
                "id": 50,
                "x": 158368,
                "y": 51258,
                "text": {
                  "start": 34,
                  "end": 35
                }
              },
              {
                "id": 41,
                "x": 166974,
                "y": 51258,
                "text": {
                  "start": 35,
                  "end": 36
                }
              },
              {
                "id": 1,
                "x": 173800,
                "y": 51258,
                "text": {
                  "start": 36,
                  "end": 37
                }
              },
              {
                "id": 50,
                "x": 176425,
                "y": 51258,
                "text": {
                  "start": 37,
                  "end": 38
                }
              },
              {
                "id": 35,
                "x": 184805,
                "y": 51258,
                "text": {
                  "start": 38,
                  "end": 39
                }
              },
              {
                "id": 36,
                "x": 191575,
                "y": 51258,
                "text": {
                  "start": 39,
                  "end": 40
                }
              },
              {
                "id": 39,
                "x": 194932,
                "y": 51258,
                "text": {
                  "start": 40,
                  "end": 41
                }
              },
              {
                "id": 32,
                "x": 198289,
                "y": 51258,
                "text": {
                  "start": 41,
                  "end": 42
                }
              },
              {
                "id": 1,
                "x": 204034,
                "y": 51258,
                "text": {
                  "start": 42,
                  "end": 43
                }
              },
              {
                "id": 47,
                "x": 206659,
                "y": 51258,
                "text": {
                  "start": 43,
                  "end": 44
                }
              },
              {
                "id": 35,
                "x": 210320,
                "y": 51258,
                "text": {
                  "start": 44,
                  "end": 45
                }
              },
              {
                "id": 32,
                "x": 217090,
                "y": 51258,
                "text": {
                  "start": 45,
                  "end": 46
                }
              },
              {
                "id": 1,
                "x": 222835,
                "y": 51258,
                "text": {
                  "start": 46,
                  "end": 47
                }
              }
            ],
            "layer": "content"
          },
          {
            "type": "glyphs",
            "face": {
              "family": "Source Serif Pro",
              "hash": "199c8adc83479480d9aa5d942afe8f52"
            },
            "size": 11264,
            "color": [
              0,
              0,
              0,
              255
            ],
            "text": "lines around it stay even. ",
            "glyphs": [
              {
                "id": 39,
                "x": 0,
                "y": 64775,
                "text": {
                  "start": 0,
                  "end": 1
                }
              },
              {
                "id": 36,
                "x": 3357,
                "y": 64775,
                "text": {
                  "start": 1,
                  "end": 2
                }
              },
              {
                "id": 41,
                "x": 6714,
                "y": 64775,
                "text": {
                  "start": 2,
                  "end": 3
                }
              },
              {
                "id": 32,
                "x": 13540,
                "y": 64775,
                "text": {
                  "start": 3,
                  "end": 4
                }
              },
              {
                "id": 46,
                "x": 19285,
                "y": 64775,
                "text": {
                  "start": 4,
                  "end": 5
                }
              },
              {
                "id": 1,
                "x": 24174,
                "y": 64775,
                "text": {
                  "start": 5,
                  "end": 6
                }
              },
              {
                "id": 28,
                "x": 26799,
                "y": 64775,
                "text": {
                  "start": 6,
                  "end": 7
                }
              },
              {
                "id": 45,
                "x": 32476,
                "y": 64775,
                "text": {
                  "start": 7,
                  "end": 8
                }
              },
              {
                "id": 42,
                "x": 37128,
                "y": 64775,
                "text": {
                  "start": 8,
                  "end": 9
                }
              },
              {
                "id": 48,
                "x": 43199,
                "y": 64775,
                "text": {
                  "start": 9,
                  "end": 10
                }
              },
              {
                "id": 41,
                "x": 49766,
                "y": 64775,
                "text": {
                  "start": 10,
                  "end": 11
                }
              },
              {
                "id": 31,
                "x": 56592,
                "y": 64775,
                "text": {
                  "start": 11,
                  "end": 12
                }
              },
              {
                "id": 1,
                "x": 62979,
                "y": 64775,
                "text": {
                  "start": 12,
                  "end": 13
                }
              },
              {
                "id": 36,
                "x": 65604,
                "y": 64775,
                "text": {
                  "start": 13,
                  "end": 14
                }
              },
              {
                "id": 47,
                "x": 68961,
                "y": 64775,
                "text": {
                  "start": 14,
                  "end": 15
                }
              },
              {
                "id": 1,
                "x": 72622,
                "y": 64775,
                "text": {
                  "start": 15,
                  "end": 16
                }
              },
              {
                "id": 46,
                "x": 75247,
                "y": 64775,
                "text": {
                  "start": 16,
                  "end": 17
                }
              },
              {
                "id": 47,
                "x": 80136,
                "y": 64775,
                "text": {
                  "start": 17,
                  "end": 18
                }
              },
              {
                "id": 28,
                "x": 83797,
                "y": 64775,
                "text": {
                  "start": 18,
                  "end": 19
                }
              },
              {
                "id": 52,
                "x": 89418,
                "y": 64775,
                "text": {
                  "start": 19,
                  "end": 20
                }
              },
              {
                "id": 1,
                "x": 95185,
                "y": 64775,
                "text": {
                  "start": 20,
                  "end": 21
                }
              },
              {
                "id": 32,
                "x": 97810,
                "y": 64775,
                "text": {
                  "start": 21,
                  "end": 22
                }
              },
              {
                "id": 49,
                "x": 103442,
                "y": 64775,
                "text": {
                  "start": 22,
                  "end": 23
                }
              },
              {
                "id": 32,
                "x": 108905,
                "y": 64775,
                "text": {
                  "start": 23,
                  "end": 24
                }
              },
              {
                "id": 41,
                "x": 114650,
                "y": 64775,
                "text": {
                  "start": 24,
                  "end": 25
                }
              },
              {
                "id": 473,
                "x": 121476,
                "y": 64775,
                "text": {
                  "start": 25,
                  "end": 26
                }
              }
            ],
            "layer": "content"
          },
          {
            "type": "glyphs",
            "face": {
              "family": "Source Serif Pro",
              "hash": "199c8adc83479480d9aa5d942afe8f52"
            },
            "size": 11264,
            "color": [
              0,
              0,
              0,
              255
            ],
            "text": "After the forced break the paragraph goes ",
            "glyphs": [
              {
                "id": 2,
                "x": 0,
                "y": 78292,
                "text": {
                  "start": 0,
                  "end": 1
                }
              },
              {
                "id": 416,
                "x": 7479,
                "y": 78292,
                "text": {
                  "start": 1,
                  "end": 3
                }
              },
              {
                "id": 32,
                "x": 14733,
                "y": 78292,
                "text": {
                  "start": 3,
                  "end": 4
                }
              },
              {
                "id": 45,
                "x": 20478,
                "y": 78292,
                "text": {
                  "start": 4,
                  "end": 5
                }
              },
              {
                "id": 1,
                "x": 25243,
                "y": 78292,
                "text": {
                  "start": 5,
                  "end": 6
                }
              },
              {
                "id": 47,
                "x": 27868,
                "y": 78292,
                "text": {
                  "start": 6,
                  "end": 7
                }
              },
              {
                "id": 35,
                "x": 31529,
                "y": 78292,
                "text": {
                  "start": 7,
                  "end": 8
                }
              },
              {
                "id": 32,
                "x": 38299,
                "y": 78292,
                "text": {
                  "start": 8,
                  "end": 9
                }
              },
              {
                "id": 1,
                "x": 44044,
                "y": 78292,
                "text": {
                  "start": 9,
                  "end": 10
                }
              },
              {
                "id": 33,
                "x": 46669,
                "y": 78292,
                "text": {
                  "start": 10,
                  "end": 11
                }
              },
              {
                "id": 42,
                "x": 50487,
                "y": 78292,
                "text": {
                  "start": 11,
                  "end": 12
                }
              },
              {
                "id": 45,
                "x": 56671,
                "y": 78292,
                "text": {
                  "start": 12,
                  "end": 13
                }
              },
              {
                "id": 30,
                "x": 61323,
                "y": 78292,
                "text": {
                  "start": 13,
                  "end": 14
                }
              },
              {
                "id": 32,
                "x": 66820,
                "y": 78292,
                "text": {
                  "start": 14,
                  "end": 15
                }
              },
              {
                "id": 31,
                "x": 72565,
                "y": 78292,
                "text": {
                  "start": 15,
                  "end": 16
                }
              },
              {
                "id": 1,
                "x": 78952,
                "y": 78292,
                "text": {
                  "start": 16,
                  "end": 17
                }
              },
              {
                "id": 29,
                "x": 81577,
                "y": 78292,
                "text": {
                  "start": 17,
                  "end": 18
                }
              },
              {
                "id": 45,
                "x": 88076,
                "y": 78292,
                "text": {
                  "start": 18,
                  "end": 19
                }
              },
              {
                "id": 32,
                "x": 92728,
                "y": 78292,
                "text": {
                  "start": 19,
                  "end": 20
                }
              },
              {
                "id": 28,
                "x": 98360,
                "y": 78292,
                "text": {
                  "start": 20,
                  "end": 21
                }
              },
              {
                "id": 38,
                "x": 104093,
                "y": 78292,
                "text": {
                  "start": 21,
                  "end": 22
                }
              },
              {
                "id": 1,
                "x": 110254,
                "y": 78292,
                "text": {
                  "start": 22,
                  "end": 23
                }
              },
              {
                "id": 47,
                "x": 112879,
                "y": 78292,
                "text": {
                  "start": 23,
                  "end": 24
                }
              },
              {
                "id": 35,
                "x": 116540,
                "y": 78292,
                "text": {
                  "start": 24,
                  "end": 25
                }
              },
              {
                "id": 32,
                "x": 123310,
                "y": 78292,
                "text": {
                  "start": 25,
                  "end": 26
                }
              },
              {
                "id": 1,
                "x": 129055,
                "y": 78292,
                "text": {
                  "start": 26,
                  "end": 27
                }
              },
              {
                "id": 43,
                "x": 131680,
                "y": 78292,
                "text": {
                  "start": 27,
                  "end": 28
                }
              },
              {
                "id": 28,
                "x": 138247,
                "y": 78292,
                "text": {
                  "start": 28,
                  "end": 29
                }
              },
              {
                "id": 45,
                "x": 143924,
                "y": 78292,
                "text": {
                  "start": 29,
                  "end": 30
                }
              },
              {
                "id": 28,
                "x": 148565,
                "y": 78292,
                "text": {
                  "start": 30,
                  "end": 31
                }
              },
              {
                "id": 34,
                "x": 154186,
                "y": 78292,
                "text": {
                  "start": 31,
                  "end": 32
                }
              },
              {
                "id": 45,
                "x": 160021,
                "y": 78292,
                "text": {
                  "start": 32,
                  "end": 33
                }
              },
              {
                "id": 28,
                "x": 164662,
                "y": 78292,
                "text": {
                  "start": 33,
                  "end": 34
                }
              },
              {
                "id": 43,
                "x": 170170,
                "y": 78292,
                "text": {
                  "start": 34,
                  "end": 35
                }
              },
              {
                "id": 35,
                "x": 176624,
                "y": 78292,
                "text": {
                  "start": 35,
                  "end": 36
                }
              },
              {
                "id": 1,
                "x": 183394,
                "y": 78292,
                "text": {
                  "start": 36,
                  "end": 37
                }
              },
              {
                "id": 34,
                "x": 186019,
                "y": 78292,
                "text": {
                  "start": 37,
                  "end": 38
                }
              },
              {
                "id": 42,
                "x": 191741,
                "y": 78292,
                "text": {
                  "start": 38,
                  "end": 39
                }
              },
              {
                "id": 32,
                "x": 197925,
                "y": 78292,
                "text": {
                  "start": 39,
                  "end": 40
                }
              },
              {
                "id": 46,
                "x": 203670,
                "y": 78292,
                "text": {
                  "start": 40,
                  "end": 41
                }
              },
              {
                "id": 1,
                "x": 208559,
                "y": 78292,
                "text": {
                  "start": 41,
                  "end": 42
                }
              }
            ],
            "layer": "content"
          },
          {
            "type": "glyphs",
            "face": {
              "family": "Source Serif Pro",
              "hash": "199c8adc83479480d9aa5d942afe8f52"
            },
            "size": 11264,
            "color": [
              0,
              0,
              0,
              255
            ],
            "text": "on, past https://example.com/a/long/path/to/",
            "glyphs": [
              {
                "id": 42,
                "x": 0,
                "y": 91809,
                "text": {
                  "start": 0,
                  "end": 1
                }
              },
              {
                "id": 41,
                "x": 6184,
                "y": 91809,
                "text": {
                  "start": 1,
                  "end": 2
                }
              },
              {
                "id": 474,
                "x": 13010,
                "y": 91809,
                "text": {
                  "start": 2,
                  "end": 3
                }
              },
              {
                "id": 1,
                "x": 16389,
                "y": 91809,
                "text": {
                  "start": 3,
                  "end": 4
                }
              },
              {
                "id": 43,
                "x": 19014,
                "y": 91809,
                "text": {
                  "start": 4,
                  "end": 5
                }
              },
              {
                "id": 28,
                "x": 25581,
                "y": 91809,
                "text": {
                  "start": 5,
                  "end": 6
                }
              },
              {
                "id": 46,
                "x": 31314,
                "y": 91809,
                "text": {
                  "start": 6,
                  "end": 7
                }
              },
              {
                "id": 47,
                "x": 36203,
                "y": 91809,
                "text": {
                  "start": 7,
                  "end": 8
                }
              },
              {
                "id": 1,
                "x": 39864,
                "y": 91809,
                "text": {
                  "start": 8,
                  "end": 9
                }
              },
              {
                "id": 35,
                "x": 42489,
                "y": 91809,
                "text": {
                  "start": 9,
                  "end": 10
                }
              },
              {
                "id": 47,
                "x": 49202,
                "y": 91809,
                "text": {
                  "start": 10,
                  "end": 11
                }
              },
              {
                "id": 47,
                "x": 52964,
                "y": 91809,
                "text": {
                  "start": 11,
                  "end": 12
                }
              },
              {
                "id": 43,
                "x": 56625,
                "y": 91809,
                "text": {
                  "start": 12,
                  "end": 13
                }
              },
              {
                "id": 46,
                "x": 63192,
                "y": 91809,
                "text": {
                  "start": 13,
                  "end": 14
                }
              },
              {
                "id": 475,
                "x": 68081,
                "y": 91809,
                "text": {
                  "start": 14,
                  "end": 15
                }
              },
              {
                "id": 524,
                "x": 71460,
                "y": 91809,
                "text": {
                  "start": 15,
                  "end": 16
                }
              },
              {
                "id": 524,
                "x": 74253,
                "y": 91809,
                "text": {
                  "start": 16,
                  "end": 17
                }
              },
              {
                "id": 32,
                "x": 77632,
                "y": 91809,
                "text": {
                  "start": 17,
                  "end": 18
                }
              },
              {
                "id": 51,
                "x": 83377,
                "y": 91809,
                "text": {
                  "start": 18,
                  "end": 19
                }
              },
              {
                "id": 28,
                "x": 89144,
                "y": 91809,
                "text": {
                  "start": 19,
                  "end": 20
                }
              },
              {
                "id": 40,
                "x": 94821,
                "y": 91809,
                "text": {
                  "start": 20,
                  "end": 21
                }
              },
              {
                "id": 43,
                "x": 104801,
                "y": 91809,
                "text": {
                  "start": 21,
                  "end": 22
                }
              },
              {
                "id": 39,
                "x": 111255,
                "y": 91809,
                "text": {
                  "start": 22,
                  "end": 23
                }
              },
              {
                "id": 32,
                "x": 114612,
                "y": 91809,
                "text": {
                  "start": 23,
                  "end": 24
                }
              },
              {
                "id": 473,
                "x": 120030,
                "y": 91809,
                "text": {
                  "start": 24,
                  "end": 25
                }
              },
              {
                "id": 30,
                "x": 123071,
                "y": 91809,
                "text": {
                  "start": 25,
                  "end": 26
                }
              },
              {
                "id": 42,
                "x": 128568,
                "y": 91809,
                "text": {
                  "start": 26,
                  "end": 27
                }
              },
              {
                "id": 40,
                "x": 134752,
                "y": 91809,
                "text": {
                  "start": 27,
                  "end": 28
                }
              },
              {
                "id": 524,
                "x": 144901,
                "y": 91809,
                "text": {
                  "start": 28,
                  "end": 29
                }
              },
              {
                "id": 28,
                "x": 148269,
                "y": 91809,
                "text": {
                  "start": 29,
                  "end": 30
                }
              },
              {
                "id": 524,
                "x": 154002,
                "y": 91809,
                "text": {
                  "start": 30,
                  "end": 31
                }
              },
              {
                "id": 39,
                "x": 157719,
                "y": 91809,
                "text": {
                  "start": 31,
                  "end": 32
                }
              },
              {
                "id": 42,
                "x": 161076,
                "y": 91809,
                "text": {
                  "start": 32,
                  "end": 33
                }
              },
              {
                "id": 41,
                "x": 167260,
                "y": 91809,
                "text": {
                  "start": 33,
                  "end": 34
                }
              },
              {
                "id": 34,
                "x": 174086,
                "y": 91809,
                "text": {
                  "start": 34,
                  "end": 35
                }
              },
              {
                "id": 524,
                "x": 180045,
                "y": 91809,
                "text": {
                  "start": 35,
                  "end": 36
                }
              },
              {
                "id": 43,
                "x": 183537,
                "y": 91809,
                "text": {
                  "start": 36,
                  "end": 37
                }
              },
              {
                "id": 28,
                "x": 190104,
                "y": 91809,
                "text": {
                  "start": 37,
                  "end": 38
                }
              },
              {
                "id": 47,
                "x": 195837,
                "y": 91809,
                "text": {
                  "start": 38,
                  "end": 39
                }
              },
              {
                "id": 35,
                "x": 199498,
                "y": 91809,
                "text": {
                  "start": 39,
                  "end": 40
                }
              },
              {
                "id": 524,
                "x": 206268,
                "y": 91809,
                "text": {
                  "start": 40,
                  "end": 41
                }
              },
              {
                "id": 47,
                "x": 209985,
                "y": 91809,
                "text": {
                  "start": 41,
                  "end": 42
                }
              },
              {
                "id": 42,
                "x": 213646,
                "y": 91809,
                "text": {
                  "start": 42,
                  "end": 43
                }
              },
              {
                "id": 524,
                "x": 219605,
                "y": 91809,
                "text": {
                  "start": 43,
                  "end": 44
                }
              }
            ],
            "layer": "content"
          },
          {
            "type": "glyphs",
            "face": {
              "family": "Source Serif Pro",
              "hash": "199c8adc83479480d9aa5d942afe8f52"
            },
            "size": 11264,
            "color": [
              0,
              0,
              0,
              255
            ],
            "text": "somewhere, to a short last line.",
            "glyphs": [
              {
                "id": 46,
                "x": 0,
                "y": 105326,
                "text": {
                  "start": 0,
                  "end": 1
                }
              },
              {
                "id": 42,
                "x": 4889,
                "y": 105326,
                "text": {
                  "start": 1,
                  "end": 2
                }
              },
              {
                "id": 40,
                "x": 11073,
                "y": 105326,
                "text": {
                  "start": 2,
                  "end": 3
                }
              },
              {
                "id": 32,
                "x": 21222,
                "y": 105326,
                "text": {
                  "start": 3,
                  "end": 4
                }
              },
              {
                "id": 50,
                "x": 26854,
                "y": 105326,
                "text": {
                  "start": 4,
                  "end": 5
                }
              },
              {
                "id": 35,
                "x": 35234,
                "y": 105326,
                "text": {
                  "start": 5,
                  "end": 6
                }
              },
              {
                "id": 32,
                "x": 42004,
                "y": 105326,
                "text": {
                  "start": 6,
                  "end": 7
                }
              },
              {
                "id": 45,
                "x": 47749,
                "y": 105326,
                "text": {
                  "start": 7,
                  "end": 8
                }
              },
              {
                "id": 32,
                "x": 52401,
                "y": 105326,
                "text": {
                  "start": 8,
                  "end": 9
                }
              },
              {
                "id": 474,
                "x": 57819,
                "y": 105326,
                "text": {
                  "start": 9,
                  "end": 10
                }
              },
              {
                "id": 1,
                "x": 61198,
                "y": 105326,
                "text": {
                  "start": 10,
                  "end": 11
                }
              },
              {
                "id": 47,
                "x": 63823,
                "y": 105326,
                "text": {
                  "start": 11,
                  "end": 12
                }
              },
              {
                "id": 42,
                "x": 67484,
                "y": 105326,
                "text": {
                  "start": 12,
                  "end": 13
                }
              },
              {
                "id": 1,
                "x": 73668,
                "y": 105326,
                "text": {
                  "start": 13,
                  "end": 14
                }
              },
              {
                "id": 28,
                "x": 76293,
                "y": 105326,
                "text": {
                  "start": 14,
                  "end": 15
                }
              },
              {
                "id": 1,
                "x": 82026,
                "y": 105326,
                "text": {
                  "start": 15,
                  "end": 16
                }
              },
              {
                "id": 46,
                "x": 84651,
                "y": 105326,
                "text": {
                  "start": 16,
                  "end": 17
                }
              },
              {
                "id": 35,
                "x": 89427,
                "y": 105326,
                "text": {
                  "start": 17,
                  "end": 18
                }
              },
              {
                "id": 42,
                "x": 96197,
                "y": 105326,
                "text": {
                  "start": 18,
                  "end": 19
                }
              },
              {
                "id": 45,
                "x": 102381,
                "y": 105326,
                "text": {
                  "start": 19,
                  "end": 20
                }
              },
              {
                "id": 47,
                "x": 107360,
                "y": 105326,
                "text": {
                  "start": 20,
                  "end": 21
                }
              },
              {
                "id": 1,
                "x": 111021,
                "y": 105326,
                "text": {
                  "start": 21,
                  "end": 22
                }
              },
              {
                "id": 39,
                "x": 113646,
                "y": 105326,
                "text": {
                  "start": 22,
                  "end": 23
                }
              },
              {
                "id": 28,
                "x": 116890,
                "y": 105326,
                "text": {
                  "start": 23,
                  "end": 24
                }
              },
              {
                "id": 46,
                "x": 122623,
                "y": 105326,
                "text": {
                  "start": 24,
                  "end": 25
                }
              },
              {
                "id": 47,
                "x": 127512,
                "y": 105326,
                "text": {
                  "start": 25,
                  "end": 26
                }
              },
              {
                "id": 1,
                "x": 131173,
                "y": 105326,
                "text": {
                  "start": 26,
                  "end": 27
                }
              },
              {
                "id": 39,
                "x": 133798,
                "y": 105326,
                "text": {
                  "start": 27,
                  "end": 28
                }
              },
              {
                "id": 36,
                "x": 137155,
                "y": 105326,
                "text": {
                  "start": 28,
                  "end": 29
                }
              },
              {
                "id": 41,
                "x": 140512,
                "y": 105326,
                "text": {
                  "start": 29,
                  "end": 30
                }
              },
              {
                "id": 32,
                "x": 147338,
                "y": 105326,
                "text": {
                  "start": 30,
                  "end": 31
                }
              },
              {
                "id": 473,
                "x": 152756,
                "y": 105326,
                "text": {
                  "start": 31,
                  "end": 32
                }
              }
            ],
            "layer": "content"
          }
        ]
      },
      {
        "type": "group",
        "transform": {
          "xx": 65536,
          "yx": 0,
          "xy": 0,
          "yy": 65536,
          "tx": 280576,
          "ty": 36864
        },
        "clip": null,
        "items": [
          {
            "type": "glyphs",
            "face": {
              "family": "Source Serif Pro",
              "hash": "199c8adc83479480d9aa5d942afe8f52"
            },
            "size": 8448,
            "color": [
              0,
              0,
              0,
              255
            ],
            "text": "A note.",
            "glyphs": [
              {
                "id": 2,
                "x": 0,
                "y": 75826,
                "text": {
                  "start": 0,
                  "end": 1
                }
              },
              {
                "id": 1,
                "x": 5609,
                "y": 75826,
                "text": {
                  "start": 1,
                  "end": 2
                }
              },
              {
                "id": 41,
                "x": 7577,
                "y": 75826,
                "text": {
                  "start": 2,
                  "end": 3
                }
              },
              {
                "id": 42,
                "x": 12696,
                "y": 75826,
                "text": {
                  "start": 3,
                  "end": 4
                }
              },
              {
                "id": 47,
                "x": 17249,
                "y": 75826,
                "text": {
                  "start": 4,
                  "end": 5
                }
              },
              {
                "id": 32,
                "x": 19995,
                "y": 75826,
                "text": {
                  "start": 5,
                  "end": 6
                }
              },
              {
                "id": 473,
                "x": 24058,
                "y": 75826,
                "text": {
                  "start": 6,
                  "end": 7
                }
              }
            ],
            "layer": "content"
          }
        ]
      }
    ]
  }
]
