---
source: crates/fixtures/tests/hostile.rs
expression: "serde_json::to_string_pretty(&content).unwrap()"
---
[
  {
    "width": 102400,
    "height": 61440,
    "items": [
      {
        "type": "group",
        "transform": {
          "xx": 65536,
          "yx": 0,
          "xy": 0,
          "yy": 65536,
          "tx": 0,
          "ty": 0
        },
        "clip": null,
        "items": [
          {
            "type": "glyphs",
            "face": {
              "family": "Source Serif Pro",
              "hash": "199c8adc83479480d9aa5d942afe8f52"
            },
            "size": 10240,
            "color": [
              0,
              0,
              0,
              255
            ],
            "text": "Anchor text flows ",
            "glyphs": [
              {
                "id": 2,
                "x": 0,
                "y": 9733,
                "text": {
                  "start": 0,
                  "end": 1
                }
              },
              {
                "id": 41,
                "x": 6799,
                "y": 9733,
                "text": {
                  "start": 1,
                  "end": 2
                }
              },
              {
                "id": 30,
                "x": 13004,
                "y": 9733,
                "text": {
                  "start": 2,
                  "end": 3
                }
              },
              {
                "id": 35,
                "x": 17888,
                "y": 9733,
                "text": {
                  "start": 3,
                  "end": 4
                }
              },
              {
                "id": 42,
                "x": 24042,
                "y": 9733,
                "text": {
                  "start": 4,
                  "end": 5
                }
              },
              {
                "id": 45,
                "x": 29664,
                "y": 9733,
                "text": {
                  "start": 5,
                  "end": 6
                }
              },
              {
                "id": 1,
                "x": 33996,
                "y": 9733,
                "text": {
                  "start": 6,
                  "end": 7
                }
              },
              {
                "id": 47,
                "x": 36382,
                "y": 9733,
                "text": {
                  "start": 7,
                  "end": 8
                }
              },
              {
                "id": 32,
                "x": 39710,
                "y": 9733,
                "text": {
                  "start": 8,
                  "end": 9
                }
              },
              {
                "id": 51,
                "x": 44932,
                "y": 9733,
                "text": {
                  "start": 9,
                  "end": 10
                }
              },
              {
                "id": 47,
                "x": 50318,
                "y": 9733,
                "text": {
                  "start": 10,
                  "end": 11
                }
              },
              {
                "id": 1,
                "x": 53646,
                "y": 9733,
                "text": {
                  "start": 11,
                  "end": 12
                }
              },
              {
                "id": 415,
                "x": 56032,
                "y": 9733,
                "text": {
                  "start": 12,
                  "end": 14
                }
              },
              {
                "id": 42,
                "x": 62299,
                "y": 9733,
                "text": {
                  "start": 14,
                  "end": 15
                }
              },
              {
                "id": 50,
                "x": 67921,
                "y": 9733,
                "text": {
                  "start": 15,
                  "end": 16
                }
              },
              {
                "id": 46,
                "x": 75642,
                "y": 9733,
                "text": {
                  "start": 16,
                  "end": 17
                }
              },
              {
                "id": 1,
                "x": 80086,
                "y": 9733,
                "text": {
                  "start": 17,
                  "end": 18
                }
              }
            ],
            "layer": "content"
          },
          {
            "type": "glyphs",
            "face": {
              "family": "Source Serif Pro",
              "hash": "199c8adc83479480d9aa5d942afe8f52"
            },
            "size": 10240,
            "color": [
              0,
              0,
              0,
              255
            ],
            "text": "around the image. ",
            "glyphs": [
              {
                "id": 28,
                "x": 0,
                "y": 22021,
                "text": {
                  "start": 0,
                  "end": 1
                }
              },
              {
                "id": 45,
                "x": 5161,
                "y": 22021,
                "text": {
                  "start": 1,
                  "end": 2
                }
              },
              {
                "id": 42,
                "x": 9390,
                "y": 22021,
                "text": {
                  "start": 2,
                  "end": 3
                }
              },
              {
                "id": 48,
                "x": 14909,
                "y": 22021,
                "text": {
                  "start": 3,
                  "end": 4
                }
              },
              {
                "id": 41,
                "x": 20879,
                "y": 22021,
                "text": {
                  "start": 4,
                  "end": 5
                }
              },
              {
                "id": 31,
                "x": 27084,
                "y": 22021,
                "text": {
                  "start": 5,
                  "end": 6
                }
              },
              {
                "id": 1,
                "x": 32890,
                "y": 22021,
                "text": {
                  "start": 6,
                  "end": 7
                }
              },
              {
                "id": 47,
                "x": 35276,
                "y": 22021,
                "text": {
                  "start": 7,
                  "end": 8
                }
              },
              {
                "id": 35,
                "x": 38604,
                "y": 22021,
                "text": {
                  "start": 8,
                  "end": 9
                }
              },
              {
                "id": 32,
                "x": 44758,
                "y": 22021,
                "text": {
                  "start": 9,
                  "end": 10
                }
              },
              {
                "id": 1,
                "x": 49980,
                "y": 22021,
                "text": {
                  "start": 10,
                  "end": 11
                }
              },
              {
                "id": 36,
                "x": 52366,
                "y": 22021,
                "text": {
                  "start": 11,
                  "end": 12
                }
              },
              {
                "id": 40,
                "x": 55418,
                "y": 22021,
                "text": {
                  "start": 12,
                  "end": 13
                }
              },
              {
                "id": 28,
                "x": 64644,
                "y": 22021,
                "text": {
                  "start": 13,
                  "end": 14
                }
              },
              {
                "id": 34,
                "x": 69754,
                "y": 22021,
                "text": {
                  "start": 14,
                  "end": 15
                }
              },
              {
                "id": 32,
                "x": 74956,
                "y": 22021,
                "text": {
                  "start": 15,
                  "end": 16
                }
              },
              {
                "id": 473,
                "x": 79881,
                "y": 22021,
                "text": {
                  "start": 16,
                  "end": 17
                }
              },
              {
                "id": 1,
                "x": 82953,
                "y": 22021,
                "text": {
                  "start": 17,
                  "end": 18
                }
              }
            ],
            "layer": "content"
          },
          {
            "type": "glyphs",
            "face": {
              "family": "Source Serif Pro",
              "hash": "199c8adc83479480d9aa5d942afe8f52"
            },
            "size": 10240,
            "color": [
              0,
              0,
              0,
              255
            ],
            "text": "More words flow ",
            "glyphs": [
              {
                "id": 14,
                "x": 0,
                "y": 34309,
                "text": {
                  "start": 0,
                  "end": 1
                }
              },
              {
                "id": 42,
                "x": 9032,
                "y": 34309,
                "text": {
                  "start": 1,
                  "end": 2
                }
              },
              {
                "id": 45,
                "x": 14654,
                "y": 34309,
                "text": {
                  "start": 2,
                  "end": 3
                }
              },
              {
                "id": 32,
                "x": 18883,
                "y": 34309,
                "text": {
                  "start": 3,
                  "end": 4
                }
              },
              {
                "id": 1,
                "x": 24105,
                "y": 34309,
                "text": {
                  "start": 4,
                  "end": 5
                }
              },
              {
                "id": 50,
                "x": 26491,
                "y": 34309,
                "text": {
                  "start": 5,
                  "end": 6
                }
              },
              {
                "id": 42,
                "x": 34110,
                "y": 34309,
                "text": {
                  "start": 6,
                  "end": 7
                }
              },
              {
                "id": 45,
                "x": 39732,
                "y": 34309,
                "text": {
                  "start": 7,
                  "end": 8
                }
              },
              {
                "id": 31,
                "x": 43961,
                "y": 34309,
                "text": {
                  "start": 8,
                  "end": 9
                }
              },
              {
                "id": 46,
                "x": 49767,
                "y": 34309,
                "text": {
                  "start": 9,
                  "end": 10
                }
              },
              {
                "id": 1,
                "x": 54211,
                "y": 34309,
                "text": {
                  "start": 10,
                  "end": 11
                }
              },
              {
                "id": 415,
                "x": 56597,
                "y": 34309,
                "text": {
                  "start": 11,
                  "end": 13
                }
              },
              {
                "id": 42,
                "x": 62864,
                "y": 34309,
                "text": {
                  "start": 13,
                  "end": 14
                }
              },
              {
                "id": 50,
                "x": 68486,
                "y": 34309,
                "text": {
                  "start": 14,
                  "end": 15
                }
              },
              {
                "id": 1,
                "x": 76309,
                "y": 34309,
                "text": {
                  "start": 15,
                  "end": 16
                }
              }
            ],
            "layer": "content"
          },
          {
            "type": "glyphs",
            "face": {
              "family": "Source Serif Pro",
              "hash": "199c8adc83479480d9aa5d942afe8f52"
            },
            "size": 10240,
            "color": [
              0,
              0,
              0,
              255
            ],
            "text": "below the image in ",
            "glyphs": [
              {
                "id": 29,
                "x": 0,
                "y": 46597,
                "text": {
                  "start": 0,
                  "end": 1
                }
              },
              {
                "id": 32,
                "x": 5908,
                "y": 46597,
                "text": {
                  "start": 1,
                  "end": 2
                }
              },
              {
                "id": 39,
                "x": 11028,
                "y": 46597,
                "text": {
                  "start": 2,
                  "end": 3
                }
              },
              {
                "id": 42,
                "x": 14080,
                "y": 46597,
                "text": {
                  "start": 3,
                  "end": 4
                }
              },
              {
                "id": 50,
                "x": 19702,
                "y": 46597,
                "text": {
                  "start": 4,
                  "end": 5
                }
              },
              {
                "id": 1,
                "x": 27525,
                "y": 46597,
                "text": {
                  "start": 5,
                  "end": 6
                }
              },
              {
                "id": 47,
                "x": 29911,
                "y": 46597,
                "text": {
                  "start": 6,
                  "end": 7
                }
              },
              {
                "id": 35,
                "x": 33239,
                "y": 46597,
                "text": {
                  "start": 7,
                  "end": 8
                }
              },
              {
                "id": 32,
                "x": 39393,
                "y": 46597,
                "text": {
                  "start": 8,
                  "end": 9
                }
              },
              {
                "id": 1,
                "x": 44615,
                "y": 46597,
                "text": {
                  "start": 9,
                  "end": 10
                }
              },
              {
                "id": 36,
                "x": 47001,
                "y": 46597,
                "text": {
                  "start": 10,
                  "end": 11
                }
              },
              {
                "id": 40,
                "x": 50053,
                "y": 46597,
                "text": {
                  "start": 11,
                  "end": 12
                }
              },
              {
                "id": 28,
                "x": 59279,
                "y": 46597,
                "text": {
                  "start": 12,
                  "end": 13
                }
              },
              {
                "id": 34,
                "x": 64389,
                "y": 46597,
                "text": {
                  "start": 13,
                  "end": 14
                }
              },
              {
                "id": 32,
                "x": 69591,
                "y": 46597,
                "text": {
                  "start": 14,
                  "end": 15
                }
              },
              {
                "id": 1,
                "x": 74813,
                "y": 46597,
                "text": {
                  "start": 15,
                  "end": 16
                }
              },
              {
                "id": 36,
                "x": 77199,
                "y": 46597,
                "text": {
                  "start": 16,
                  "end": 17
                }
              },
              {
                "id": 41,
                "x": 80251,
                "y": 46597,
                "text": {
                  "start": 17,
                  "end": 18
                }
              },
              {
                "id": 1,
                "x": 86456,
                "y": 46597,
                "text": {
                  "start": 18,
                  "end": 19
                }
              }
            ],
            "layer": "content"
          }
        ]
      },
      {
        "type": "group",
        "transform": {
          "xx": 65536,
          "yx": 0,
          "xy": 0,
          "yy": 65536,
          "tx": 0,
          "ty": 0
        },
        "clip": null,
        "items": [
          {
            "type": "image",
            "asset": "c09761ac120fc25444687b1ab5e85cac0e3ad41391d8d68e5473fbe8d5bc07f9",
            "rect": {
              "origin": {
                "x": 0,
                "y": 49152
              },
              "width": 24576,
              "height": 12288
            },
            "alt": "An image in a region",
            "layer": "content"
          }
        ]
      }
    ]
  },
  {
    "width": 102400,
    "height": 61440,
    "items": [
      {
        "type": "group",
        "transform": {
          "xx": 65536,
          "yx": 0,
          "xy": 0,
          "yy": 65536,
          "tx": 0,
          "ty": 0
        },
        "clip": null,
        "items": [
          {
            "type": "glyphs",
            "face": {
              "family": "Source Serif Pro",
              "hash": "199c8adc83479480d9aa5d942afe8f52"
            },
            "size": 10240,
            "color": [
              0,
              0,
              0,
              255
            ],
            "text": "the same frame.",
            "glyphs": [
              {
                "id": 47,
                "x": 0,
                "y": 9733,
                "text": {
                  "start": 0,
                  "end": 1
                }
              },
              {
                "id": 35,
                "x": 3328,
                "y": 9733,
                "text": {
                  "start": 1,
                  "end": 2
                }
              },
              {
                "id": 32,
                "x": 9482,
                "y": 9733,
                "text": {
                  "start": 2,
                  "end": 3
                }
              },
              {
                "id": 1,
                "x": 14704,
                "y": 9733,
                "text": {
                  "start": 3,
                  "end": 4
                }
              },
              {
                "id": 46,
                "x": 17090,
                "y": 9733,
                "text": {
                  "start": 4,
                  "end": 5
                }
              },
              {
                "id": 28,
                "x": 21534,
                "y": 9733,
                "text": {
                  "start": 5,
                  "end": 6
                }
              },
              {
                "id": 40,
                "x": 26695,
                "y": 9733,
                "text": {
                  "start": 6,
                  "end": 7
                }
              },
              {
                "id": 32,
                "x": 35921,
                "y": 9733,
                "text": {
                  "start": 7,
                  "end": 8
                }
              },
              {
                "id": 1,
                "x": 41143,
                "y": 9733,
                "text": {
                  "start": 8,
                  "end": 9
                }
              },
              {
                "id": 33,
                "x": 43529,
                "y": 9733,
                "text": {
                  "start": 9,
                  "end": 10
                }
              },
              {
                "id": 45,
                "x": 47154,
                "y": 9733,
                "text": {
                  "start": 10,
                  "end": 11
                }
              },
              {
                "id": 28,
                "x": 51373,
                "y": 9733,
                "text": {
                  "start": 11,
                  "end": 12
                }
              },
              {
                "id": 40,
                "x": 56534,
                "y": 9733,
                "text": {
                  "start": 12,
                  "end": 13
                }
              },
              {
                "id": 32,
                "x": 65760,
                "y": 9733,
                "text": {
                  "start": 13,
                  "end": 14
                }
              },
              {
                "id": 473,
                "x": 70685,
                "y": 9733,
                "text": {
                  "start": 14,
                  "end": 15
                }
              }
            ],
            "layer": "content"
          }
        ]
      }
    ]
  }
]
