---
source: crates/fixtures/tests/hostile.rs
expression: "serde_json::to_string_pretty(&content).unwrap()"
---
[
  {
    "width": 184320,
    "height": 307200,
    "items": [
      {
        "type": "group",
        "transform": {
          "xx": 0,
          "yx": 65536,
          "xy": -65536,
          "yy": 0,
          "tx": 133120,
          "ty": 25600
        },
        "clip": null,
        "items": [
          {
            "type": "glyphs",
            "face": {
              "family": "Source Serif Pro",
              "hash": "199c8adc83479480d9aa5d942afe8f52"
            },
            "size": 11264,
            "color": [
              0,
              0,
              0,
              255
            ],
            "text": "The columns descend, one after another, from ",
            "glyphs": [
              {
                "id": 21,
                "x": 0,
                "y": 10707,
                "text": {
                  "start": 0,
                  "end": 1
                }
              },
              {
                "id": 35,
                "x": 6803,
                "y": 10707,
                "text": {
                  "start": 1,
                  "end": 2
                }
              },
              {
                "id": 32,
                "x": 13573,
                "y": 10707,
                "text": {
                  "start": 2,
                  "end": 3
                }
              },
              {
                "id": 1,
                "x": 19318,
                "y": 10707,
                "text": {
                  "start": 3,
                  "end": 4
                }
              },
              {
                "id": 30,
                "x": 21943,
                "y": 10707,
                "text": {
                  "start": 4,
                  "end": 5
                }
              },
              {
                "id": 42,
                "x": 27440,
                "y": 10707,
                "text": {
                  "start": 5,
                  "end": 6
                }
              },
              {
                "id": 39,
                "x": 33511,
                "y": 10707,
                "text": {
                  "start": 6,
                  "end": 7
                }
              },
              {
                "id": 48,
                "x": 36755,
                "y": 10707,
                "text": {
                  "start": 7,
                  "end": 8
                }
              },
              {
                "id": 40,
                "x": 43322,
                "y": 10707,
                "text": {
                  "start": 8,
                  "end": 9
                }
              },
              {
                "id": 41,
                "x": 53471,
                "y": 10707,
                "text": {
                  "start": 9,
                  "end": 10
                }
              },
              {
                "id": 46,
                "x": 60297,
                "y": 10707,
                "text": {
                  "start": 10,
                  "end": 11
                }
              },
              {
                "id": 1,
                "x": 65186,
                "y": 10707,
                "text": {
                  "start": 11,
                  "end": 12
                }
              },
              {
                "id": 31,
                "x": 67811,
                "y": 10707,
                "text": {
                  "start": 12,
                  "end": 13
                }
              },
              {
                "id": 32,
                "x": 74198,
                "y": 10707,
                "text": {
                  "start": 13,
                  "end": 14
                }
              },
              {
                "id": 46,
                "x": 79943,
                "y": 10707,
                "text": {
                  "start": 14,
                  "end": 15
                }
              },
              {
                "id": 30,
                "x": 84832,
                "y": 10707,
                "text": {
                  "start": 15,
                  "end": 16
                }
              },
              {
                "id": 32,
                "x": 90329,
                "y": 10707,
                "text": {
                  "start": 16,
                  "end": 17
                }
              },
              {
                "id": 41,
                "x": 96074,
                "y": 10707,
                "text": {
                  "start": 17,
                  "end": 18
                }
              },
              {
                "id": 31,
                "x": 102900,
                "y": 10707,
                "text": {
                  "start": 18,
                  "end": 19
                }
              },
              {
                "id": 474,
                "x": 109287,
                "y": 10707,
                "text": {
                  "start": 19,
                  "end": 20
                }
              },
              {
                "id": 1,
                "x": 112666,
                "y": 10707,
                "text": {
                  "start": 20,
                  "end": 21
                }
              },
              {
                "id": 42,
                "x": 115291,
                "y": 10707,
                "text": {
                  "start": 21,
                  "end": 22
                }
              },
              {
                "id": 41,
                "x": 121475,
                "y": 10707,
                "text": {
                  "start": 22,
                  "end": 23
                }
              },
              {
                "id": 32,
                "x": 128301,
                "y": 10707,
                "text": {
                  "start": 23,
                  "end": 24
                }
              },
              {
                "id": 1,
                "x": 134046,
                "y": 10707,
                "text": {
                  "start": 24,
                  "end": 25
                }
              },
              {
                "id": 28,
                "x": 136671,
                "y": 10707,
                "text": {
                  "start": 25,
                  "end": 26
                }
              },
              {
                "id": 416,
                "x": 142404,
                "y": 10707,
                "text": {
                  "start": 26,
                  "end": 28
                }
              },
              {
                "id": 32,
                "x": 149658,
                "y": 10707,
                "text": {
                  "start": 28,
                  "end": 29
                }
              },
              {
                "id": 45,
                "x": 155403,
                "y": 10707,
                "text": {
                  "start": 29,
                  "end": 30
                }
              },
              {
                "id": 1,
                "x": 160168,
                "y": 10707,
                "text": {
                  "start": 30,
                  "end": 31
                }
              },
              {
                "id": 28,
                "x": 162793,
                "y": 10707,
                "text": {
                  "start": 31,
                  "end": 32
                }
              },
              {
                "id": 41,
                "x": 168470,
                "y": 10707,
                "text": {
                  "start": 32,
                  "end": 33
                }
              },
              {
                "id": 42,
                "x": 175296,
                "y": 10707,
                "text": {
                  "start": 33,
                  "end": 34
                }
              },
              {
                "id": 47,
                "x": 181367,
                "y": 10707,
                "text": {
                  "start": 34,
                  "end": 35
                }
              },
              {
                "id": 35,
                "x": 185028,
                "y": 10707,
                "text": {
                  "start": 35,
                  "end": 36
                }
              },
              {
                "id": 32,
                "x": 191798,
                "y": 10707,
                "text": {
                  "start": 36,
                  "end": 37
                }
              },
              {
                "id": 45,
                "x": 197543,
                "y": 10707,
                "text": {
                  "start": 37,
                  "end": 38
                }
              },
              {
                "id": 474,
                "x": 201283,
                "y": 10707,
                "text": {
                  "start": 38,
                  "end": 39
                }
              },
              {
                "id": 1,
                "x": 204662,
                "y": 10707,
                "text": {
                  "start": 39,
                  "end": 40
                }
              },
              {
                "id": 33,
                "x": 207287,
                "y": 10707,
                "text": {
                  "start": 40,
                  "end": 41
                }
              },
              {
                "id": 45,
                "x": 211274,
                "y": 10707,
                "text": {
                  "start": 41,
                  "end": 42
                }
              },
              {
                "id": 42,
                "x": 215926,
                "y": 10707,
                "text": {
                  "start": 42,
                  "end": 43
                }
              },
              {
                "id": 40,
                "x": 222110,
                "y": 10707,
                "text": {
                  "start": 43,
                  "end": 44
                }
              },
              {
                "id": 1,
                "x": 232259,
                "y": 10707,
                "text": {
                  "start": 44,
                  "end": 45
                }
              }
            ],
            "layer": "content"
          },
          {
            "type": "glyphs",
            "face": {
              "family": "Source Serif Pro",
              "hash": "199c8adc83479480d9aa5d942afe8f52"
            },
            "size": 11264,
            "color": [
              0,
              0,
              0,
              255
            ],
            "text": "the right edge of the page. The house is taller ",
            "glyphs": [
              {
                "id": 47,
                "x": 0,
                "y": 24224,
                "text": {
                  "start": 0,
                  "end": 1
                }
              },
              {
                "id": 35,
                "x": 3661,
                "y": 24224,
                "text": {
                  "start": 1,
                  "end": 2
                }
              },
              {
                "id": 32,
                "x": 10431,
                "y": 24224,
                "text": {
                  "start": 2,
                  "end": 3
                }
              },
              {
                "id": 1,
                "x": 16176,
                "y": 24224,
                "text": {
                  "start": 3,
                  "end": 4
                }
              },
              {
                "id": 45,
                "x": 18801,
                "y": 24224,
                "text": {
                  "start": 4,
                  "end": 5
                }
              },
              {
                "id": 36,
                "x": 23566,
                "y": 24224,
                "text": {
                  "start": 5,
                  "end": 6
                }
              },
              {
                "id": 34,
                "x": 26923,
                "y": 24224,
                "text": {
                  "start": 6,
                  "end": 7
                }
              },
              {
                "id": 35,
                "x": 32645,
                "y": 24224,
                "text": {
                  "start": 7,
                  "end": 8
                }
              },
              {
                "id": 47,
                "x": 39358,
                "y": 24224,
                "text": {
                  "start": 8,
                  "end": 9
                }
              },
              {
                "id": 1,
                "x": 43019,
                "y": 24224,
                "text": {
                  "start": 9,
                  "end": 10
                }
              },
              {
                "id": 32,
                "x": 45644,
                "y": 24224,
                "text": {
                  "start": 10,
                  "end": 11
                }
              },
              {
                "id": 31,
                "x": 51389,
                "y": 24224,
                "text": {
                  "start": 11,
                  "end": 12
                }
              },
              {
                "id": 34,
                "x": 57663,
                "y": 24224,
                "text": {
                  "start": 12,
                  "end": 13
                }
              },
              {
                "id": 32,
                "x": 63385,
                "y": 24224,
                "text": {
                  "start": 13,
                  "end": 14
                }
              },
              {
                "id": 1,
                "x": 69130,
                "y": 24224,
                "text": {
                  "start": 14,
                  "end": 15
                }
              },
              {
                "id": 42,
                "x": 71755,
                "y": 24224,
                "text": {
                  "start": 15,
                  "end": 16
                }
              },
              {
                "id": 33,
                "x": 77939,
                "y": 24224,
                "text": {
                  "start": 16,
                  "end": 17
                }
              },
              {
                "id": 1,
                "x": 81926,
                "y": 24224,
                "text": {
                  "start": 17,
                  "end": 18
                }
              },
              {
                "id": 47,
                "x": 84551,
                "y": 24224,
                "text": {
                  "start": 18,
                  "end": 19
                }
              },
              {
                "id": 35,
                "x": 88212,
                "y": 24224,
                "text": {
                  "start": 19,
                  "end": 20
                }
              },
              {
                "id": 32,
                "x": 94982,
                "y": 24224,
                "text": {
                  "start": 20,
                  "end": 21
                }
              },
              {
                "id": 1,
                "x": 100727,
                "y": 24224,
                "text": {
                  "start": 21,
                  "end": 22
                }
              },
              {
                "id": 43,
                "x": 103352,
                "y": 24224,
                "text": {
                  "start": 22,
                  "end": 23
                }
              },
              {
                "id": 28,
                "x": 109919,
                "y": 24224,
                "text": {
                  "start": 23,
                  "end": 24
                }
              },
              {
                "id": 34,
                "x": 115540,
                "y": 24224,
                "text": {
                  "start": 24,
                  "end": 25
                }
              },
              {
                "id": 32,
                "x": 121262,
                "y": 24224,
                "text": {
                  "start": 25,
                  "end": 26
                }
              },
              {
                "id": 473,
                "x": 126680,
                "y": 24224,
                "text": {
                  "start": 26,
                  "end": 27
                }
              },
              {
                "id": 1,
                "x": 130059,
                "y": 24224,
                "text": {
                  "start": 27,
                  "end": 28
                }
              },
              {
                "id": 21,
                "x": 132469,
                "y": 24224,
                "text": {
                  "start": 28,
                  "end": 29
                }
              },
              {
                "id": 35,
                "x": 139272,
                "y": 24224,
                "text": {
                  "start": 29,
                  "end": 30
                }
              },
              {
                "id": 32,
                "x": 146042,
                "y": 24224,
                "text": {
                  "start": 30,
                  "end": 31
                }
              },
              {
                "id": 1,
                "x": 151787,
                "y": 24224,
                "text": {
                  "start": 31,
                  "end": 32
                }
              },
              {
                "id": 35,
                "x": 154412,
                "y": 24224,
                "text": {
                  "start": 32,
                  "end": 33
                }
              },
              {
                "id": 42,
                "x": 161182,
                "y": 24224,
                "text": {
                  "start": 33,
                  "end": 34
                }
              },
              {
                "id": 48,
                "x": 167253,
                "y": 24224,
                "text": {
                  "start": 34,
                  "end": 35
                }
              },
              {
                "id": 46,
                "x": 173820,
                "y": 24224,
                "text": {
                  "start": 35,
                  "end": 36
                }
              },
              {
                "id": 32,
                "x": 178709,
                "y": 24224,
                "text": {
                  "start": 36,
                  "end": 37
                }
              },
              {
                "id": 1,
                "x": 184454,
                "y": 24224,
                "text": {
                  "start": 37,
                  "end": 38
                }
              },
              {
                "id": 36,
                "x": 187079,
                "y": 24224,
                "text": {
                  "start": 38,
                  "end": 39
                }
              },
              {
                "id": 46,
                "x": 190436,
                "y": 24224,
                "text": {
                  "start": 39,
                  "end": 40
                }
              },
              {
                "id": 1,
                "x": 195325,
                "y": 24224,
                "text": {
                  "start": 40,
                  "end": 41
                }
              },
              {
                "id": 47,
                "x": 197950,
                "y": 24224,
                "text": {
                  "start": 41,
                  "end": 42
                }
              },
              {
                "id": 28,
                "x": 201611,
                "y": 24224,
                "text": {
                  "start": 42,
                  "end": 43
                }
              },
              {
                "id": 39,
                "x": 207344,
                "y": 24224,
                "text": {
                  "start": 43,
                  "end": 44
                }
              },
              {
                "id": 39,
                "x": 210701,
                "y": 24224,
                "text": {
                  "start": 44,
                  "end": 45
                }
              },
              {
                "id": 32,
                "x": 214058,
                "y": 24224,
                "text": {
                  "start": 45,
                  "end": 46
                }
              },
              {
                "id": 45,
                "x": 219803,
                "y": 24224,
                "text": {
                  "start": 46,
                  "end": 47
                }
              },
              {
                "id": 1,
                "x": 224568,
                "y": 24224,
                "text": {
                  "start": 47,
                  "end": 48
                }
              }
            ],
            "layer": "content"
          },
          {
            "type": "glyphs",
            "face": {
              "family": "Source Serif Pro",
              "hash": "199c8adc83479480d9aa5d942afe8f52"
            },
            "size": 11264,
            "color": [
              0,
              0,
              0,
              255
            ],
            "text": "inside than outside. The next column is a step to ",
            "glyphs": [
              {
                "id": 36,
                "x": 0,
                "y": 37741,
                "text": {
                  "start": 0,
                  "end": 1
                }
              },
              {
                "id": 41,
                "x": 3357,
                "y": 37741,
                "text": {
                  "start": 1,
                  "end": 2
                }
              },
              {
                "id": 46,
                "x": 10183,
                "y": 37741,
                "text": {
                  "start": 2,
                  "end": 3
                }
              },
              {
                "id": 36,
                "x": 15072,
                "y": 37741,
                "text": {
                  "start": 3,
                  "end": 4
                }
              },
              {
                "id": 31,
                "x": 18429,
                "y": 37741,
                "text": {
                  "start": 4,
                  "end": 5
                }
              },
              {
                "id": 32,
                "x": 24816,
                "y": 37741,
                "text": {
                  "start": 5,
                  "end": 6
                }
              },
              {
                "id": 1,
                "x": 30561,
                "y": 37741,
                "text": {
                  "start": 6,
                  "end": 7
                }
              },
              {
                "id": 47,
                "x": 33186,
                "y": 37741,
                "text": {
                  "start": 7,
                  "end": 8
                }
              },
              {
                "id": 35,
                "x": 36847,
                "y": 37741,
                "text": {
                  "start": 8,
                  "end": 9
                }
              },
              {
                "id": 28,
                "x": 43617,
                "y": 37741,
                "text": {
                  "start": 9,
                  "end": 10
                }
              },
              {
                "id": 41,
                "x": 49294,
                "y": 37741,
                "text": {
                  "start": 10,
                  "end": 11
                }
              },
              {
                "id": 1,
                "x": 56120,
                "y": 37741,
                "text": {
                  "start": 11,
                  "end": 12
                }
              },
              {
                "id": 42,
                "x": 58745,
                "y": 37741,
                "text": {
                  "start": 12,
                  "end": 13
                }
              },
              {
                "id": 48,
                "x": 64816,
                "y": 37741,
                "text": {
                  "start": 13,
                  "end": 14
                }
              },
              {
                "id": 47,
                "x": 71383,
                "y": 37741,
                "text": {
                  "start": 14,
                  "end": 15
                }
              },
              {
                "id": 46,
                "x": 75044,
                "y": 37741,
                "text": {
                  "start": 15,
                  "end": 16
                }
              },
              {
                "id": 36,
                "x": 79933,
                "y": 37741,
                "text": {
                  "start": 16,
                  "end": 17
                }
              },
              {
                "id": 31,
                "x": 83290,
                "y": 37741,
                "text": {
                  "start": 17,
                  "end": 18
                }
              },
              {
                "id": 32,
                "x": 89677,
                "y": 37741,
                "text": {
                  "start": 18,
                  "end": 19
                }
              },
              {
                "id": 473,
                "x": 95095,
                "y": 37741,
                "text": {
                  "start": 19,
                  "end": 20
                }
              },
              {
                "id": 1,
                "x": 98474,
                "y": 37741,
                "text": {
                  "start": 20,
                  "end": 21
                }
              },
              {
                "id": 21,
                "x": 100884,
                "y": 37741,
                "text": {
                  "start": 21,
                  "end": 22
                }
              },
              {
                "id": 35,
                "x": 107687,
                "y": 37741,
                "text": {
                  "start": 22,
                  "end": 23
                }
              },
              {
                "id": 32,
                "x": 114457,
                "y": 37741,
                "text": {
                  "start": 23,
                  "end": 24
                }
              },
              {
                "id": 1,
                "x": 120202,
                "y": 37741,
                "text": {
                  "start": 24,
                  "end": 25
                }
              },
              {
                "id": 41,
                "x": 122827,
                "y": 37741,
                "text": {
                  "start": 25,
                  "end": 26
                }
              },
              {
                "id": 32,
                "x": 129653,
                "y": 37741,
                "text": {
                  "start": 26,
                  "end": 27
                }
              },
              {
                "id": 51,
                "x": 135398,
                "y": 37741,
                "text": {
                  "start": 27,
                  "end": 28
                }
              },
              {
                "id": 47,
                "x": 141323,
                "y": 37741,
                "text": {
                  "start": 28,
                  "end": 29
                }
              },
              {
                "id": 1,
                "x": 144984,
                "y": 37741,
                "text": {
                  "start": 29,
                  "end": 30
                }
              },
              {
                "id": 30,
                "x": 147609,
                "y": 37741,
                "text": {
                  "start": 30,
                  "end": 31
                }
              },
              {
                "id": 42,
                "x": 153106,
                "y": 37741,
                "text": {
                  "start": 31,
                  "end": 32
                }
              },
              {
                "id": 39,
                "x": 159177,
                "y": 37741,
                "text": {
                  "start": 32,
                  "end": 33
                }
              },
              {
                "id": 48,
                "x": 162421,
                "y": 37741,
                "text": {
                  "start": 33,
                  "end": 34
                }
              },
              {
                "id": 40,
                "x": 168988,
                "y": 37741,
                "text": {
                  "start": 34,
                  "end": 35
                }
              },
              {
                "id": 41,
                "x": 179137,
                "y": 37741,
                "text": {
                  "start": 35,
                  "end": 36
                }
              },
              {
                "id": 1,
                "x": 185963,
                "y": 37741,
                "text": {
                  "start": 36,
                  "end": 37
                }
              },
              {
                "id": 36,
                "x": 188588,
                "y": 37741,
                "text": {
                  "start": 37,
                  "end": 38
                }
              },
              {
                "id": 46,
                "x": 191945,
                "y": 37741,
                "text": {
                  "start": 38,
                  "end": 39
                }
              },
              {
                "id": 1,
                "x": 196834,
                "y": 37741,
                "text": {
                  "start": 39,
                  "end": 40
                }
              },
              {
                "id": 28,
                "x": 199459,
                "y": 37741,
                "text": {
                  "start": 40,
                  "end": 41
                }
              },
              {
                "id": 1,
                "x": 205192,
                "y": 37741,
                "text": {
                  "start": 41,
                  "end": 42
                }
              },
              {
                "id": 46,
                "x": 207817,
                "y": 37741,
                "text": {
                  "start": 42,
                  "end": 43
                }
              },
              {
                "id": 47,
                "x": 212706,
                "y": 37741,
                "text": {
                  "start": 43,
                  "end": 44
                }
              },
              {
                "id": 32,
                "x": 216367,
                "y": 37741,
                "text": {
                  "start": 44,
                  "end": 45
                }
              },
              {
                "id": 43,
                "x": 221999,
                "y": 37741,
                "text": {
                  "start": 45,
                  "end": 46
                }
              },
              {
                "id": 1,
                "x": 228566,
                "y": 37741,
                "text": {
                  "start": 46,
                  "end": 47
                }
              },
              {
                "id": 47,
                "x": 231191,
                "y": 37741,
                "text": {
                  "start": 47,
                  "end": 48
                }
              },
              {
                "id": 42,
                "x": 234852,
                "y": 37741,
                "text": {
                  "start": 48,
                  "end": 49
                }
              },
              {
                "id": 1,
                "x": 241036,
                "y": 37741,
                "text": {
                  "start": 49,
                  "end": 50
                }
              }
            ],
            "layer": "content"
          },
          {
            "type": "glyphs",
            "face": {
              "family": "Source Serif Pro",
              "hash": "199c8adc83479480d9aa5d942afe8f52"
            },
            "size": 11264,
            "color": [
              0,
              0,
              0,
              255
            ],
            "text": "the left.",
            "glyphs": [
              {
                "id": 47,
                "x": 0,
                "y": 51258,
                "text": {
                  "start": 0,
                  "end": 1
                }
              },
              {
                "id": 35,
                "x": 3661,
                "y": 51258,
                "text": {
                  "start": 1,
                  "end": 2
                }
              },
              {
                "id": 32,
                "x": 10431,
                "y": 51258,
                "text": {
                  "start": 2,
                  "end": 3
                }
              },
              {
                "id": 1,
                "x": 16176,
                "y": 51258,
                "text": {
                  "start": 3,
                  "end": 4
                }
              },
              {
                "id": 39,
                "x": 18801,
                "y": 51258,
                "text": {
                  "start": 4,
                  "end": 5
                }
              },
              {
                "id": 32,
                "x": 22158,
                "y": 51258,
                "text": {
                  "start": 5,
                  "end": 6
                }
              },
              {
                "id": 416,
                "x": 27790,
                "y": 51258,
                "text": {
                  "start": 6,
                  "end": 8
                }
              },
              {
                "id": 473,
                "x": 35044,
                "y": 51258,
                "text": {
                  "start": 8,
                  "end": 9
                }
              }
            ],
            "layer": "content"
          }
        ]
      }
    ]
  }
]
