---
source: crates/fixtures/tests/hostile.rs
expression: snapshot.to_json()
---
{
  "revision": [
    [
      1,
      144
    ],
    [
      2,
      8
    ]
  ],
  "adapter": {
    "name": "harfrust",
    "version": "0.13.3",
    "platform_independent": true
  },
  "composer": "greedy",
  "page": {
    "width": 430080,
    "height": 307200,
    "margin_top": 36864,
    "margin_left": 36864,
    "column_width": 225280,
    "gutter": 18432,
    "margin_column_width": 112640,
    "paragraph_spacing": 8192,
    "annotation_spacing": 4096
  },
  "pages": [
    {
      "width": 430080,
      "height": 307200
    }
  ],
  "frames": [
    {
      "name": "main",
      "page": 0,
      "to_page": {
        "xx": 65536,
        "yx": 0,
        "xy": 0,
        "yy": 65536,
        "tx": 36864,
        "ty": 36864
      },
      "rect": {
        "origin": {
          "x": 0,
          "y": 0
        },
        "width": 225280,
        "height": 233472
      }
    },
    {
      "name": "margin",
      "page": 0,
      "to_page": {
        "xx": 65536,
        "yx": 0,
        "xy": 0,
        "yy": 65536,
        "tx": 280576,
        "ty": 36864
      },
      "rect": {
        "origin": {
          "x": 0,
          "y": 0
        },
        "width": 112640,
        "height": 233472
      }
    }
  ],
  "blocks": [
    {
      "node": "6@1",
      "kind": "paragraph",
      "style": {
        "family": "Source Serif Pro",
        "size": 11264,
        "line_height": 13517,
        "explain": {
          "family": "default",
          "line-height": "default",
          "size": "style body"
        }
      },
      "lines": [
        {
          "frame": 0,
          "text": {
            "start": 0,
            "end": 46
          },
          "preview": "Before  [typed] after, and a second phrase to",
          "rect": {
            "origin": {
              "x": 0,
              "y": 0
            },
            "width": 225280,
            "height": 13517
          },
          "baseline": 10707,
          "width": 219418,
          "explanation": {
            "reason": "opportunity",
            "score": null,
            "adjustment": {
              "word_spacing": 0,
              "letter_spacing": 0
            },
            "reshaped": false
          },
          "runs": [
            {
              "range": {
                "start": 0,
                "end": 46
              },
              "face": {
                "family": "Source Serif Pro",
                "hash": "199c8adc83479480d9aa5d942afe8f52"
              },
              "size": 11264,
              "level": 0,
              "x": 0,
              "width": 222043
            }
          ]
        },
        {
          "frame": 0,
          "text": {
            "start": 46,
            "end": 53
          },
          "preview": "follow.",
          "rect": {
            "origin": {
              "x": 0,
              "y": 13517
            },
            "width": 225280,
            "height": 13517
          },
          "baseline": 24224,
          "width": 33747,
          "explanation": {
            "reason": "end",
            "score": null,
            "adjustment": {
              "word_spacing": 0,
              "letter_spacing": 0
            },
            "reshaped": false
          },
          "runs": [
            {
              "range": {
                "start": 46,
                "end": 53
              },
              "face": {
                "family": "Source Serif Pro",
                "hash": "199c8adc83479480d9aa5d942afe8f52"
              },
              "size": 11264,
              "level": 0,
              "x": 0,
              "width": 33747
            }
          ]
        }
      ]
    },
    {
      "node": "71@1",
      "kind": "annotation",
      "style": {
        "family": "Source Serif Pro",
        "size": 8448,
        "line_height": 10560,
        "explain": {
          "family": "default",
          "line-height": "style note",
          "size": "style note"
        }
      },
      "lines": [
        {
          "frame": 1,
          "text": {
            "start": 0,
            "end": 14
          },
          "preview": "On the middle.",
          "rect": {
            "origin": {
              "x": 0,
              "y": 0
            },
            "width": 112640,
            "height": 10560
          },
          "baseline": 8241,
          "width": 55984,
          "explanation": {
            "reason": "end",
            "score": null,
            "adjustment": {
              "word_spacing": 0,
              "letter_spacing": 0
            },
            "reshaped": false
          },
          "runs": [
            {
              "range": {
                "start": 0,
                "end": 14
              },
              "face": {
                "family": "Source Serif Pro",
                "hash": "199c8adc83479480d9aa5d942afe8f52"
              },
              "size": 8448,
              "level": 0,
              "x": 0,
              "width": 55984
            }
          ]
        }
      ]
    }
  ],
  "relations": [
    {
      "id": "117@1",
      "schema": "reprise.follow",
      "owner": "71@1",
      "status": "rebound",
      "applied": true,
      "targets": [
        {
          "role": "line",
          "status": "rebound",
          "resolved": {
            "line": {
              "node": "6@1",
              "line": 0
            }
          }
        }
      ]
    },
    {
      "id": "119@1",
      "schema": "reprise.follow",
      "owner": "89@1",
      "status": "owner-deleted",
      "applied": false,
      "targets": []
    }
  ],
  "diagnostics": [
    {
      "severity": "info",
      "code": "relation.rebound",
      "subject": {
        "kind": "relation",
        "id": "117@1"
      },
      "message": "target range 107@1 lost part of its text; rebound",
      "bytes": null
    },
    {
      "severity": "info",
      "code": "relation.owner-deleted",
      "subject": {
        "kind": "relation",
        "id": "119@1"
      },
      "message": "owner 89@1 was deleted; the relation went with it",
      "bytes": null
    }
  ]
}
