---
source: crates/fixtures/tests/hostile.rs
expression: snapshot.to_json()
---
{
  "revision": [
    [
      1,
      2274
    ]
  ],
  "adapter": {
    "name": "harfrust",
    "version": "0.13.3",
    "platform_independent": true
  },
  "composer": "greedy",
  "medium": {
    "width": 430080,
    "height": 307200
  },
  "settings": {
    "max_pages": 2,
    "paragraph_spacing": 8192,
    "annotation_spacing": 4096
  },
  "template": {
    "name": "two-columns",
    "source": "document"
  },
  "pages": [
    {
      "width": 430080,
      "height": 307200
    },
    {
      "width": 430080,
      "height": 307200
    }
  ],
  "frames": [
    {
      "name": "left",
      "role": {
        "flow": "main"
      },
      "page": 0,
      "to_page": {
        "xx": 65536,
        "yx": 0,
        "xy": 0,
        "yy": 65536,
        "tx": 24576,
        "ty": 30720
      },
      "rect": {
        "origin": {
          "x": 0,
          "y": 0
        },
        "width": 133120,
        "height": 81920
      }
    },
    {
      "name": "right",
      "role": {
        "flow": "main"
      },
      "page": 0,
      "to_page": {
        "xx": 65536,
        "yx": 0,
        "xy": 0,
        "yy": 65536,
        "tx": 167936,
        "ty": 30720
      },
      "rect": {
        "origin": {
          "x": 0,
          "y": 0
        },
        "width": 133120,
        "height": 81920
      }
    },
    {
      "name": "margin",
      "role": "margin",
      "page": 0,
      "to_page": {
        "xx": 65536,
        "yx": 0,
        "xy": 0,
        "yy": 65536,
        "tx": 311296,
        "ty": 30720
      },
      "rect": {
        "origin": {
          "x": 0,
          "y": 0
        },
        "width": 102400,
        "height": 81920
      }
    },
    {
      "name": "left",
      "role": {
        "flow": "main"
      },
      "page": 1,
      "to_page": {
        "xx": 65536,
        "yx": 0,
        "xy": 0,
        "yy": 65536,
        "tx": 24576,
        "ty": 30720
      },
      "rect": {
        "origin": {
          "x": 0,
          "y": 0
        },
        "width": 133120,
        "height": 81920
      }
    },
    {
      "name": "right",
      "role": {
        "flow": "main"
      },
      "page": 1,
      "to_page": {
        "xx": 65536,
        "yx": 0,
        "xy": 0,
        "yy": 65536,
        "tx": 167936,
        "ty": 30720
      },
      "rect": {
        "origin": {
          "x": 0,
          "y": 0
        },
        "width": 133120,
        "height": 81920
      }
    },
    {
      "name": "margin",
      "role": "margin",
      "page": 1,
      "to_page": {
        "xx": 65536,
        "yx": 0,
        "xy": 0,
        "yy": 65536,
        "tx": 311296,
        "ty": 30720
      },
      "rect": {
        "origin": {
          "x": 0,
          "y": 0
        },
        "width": 102400,
        "height": 81920
      }
    }
  ],
  "blocks": [
    {
      "node": "8@1",
      "kind": "paragraph",
      "style": {
        "family": "Source Serif Pro",
        "size": 11264,
        "line_height": 13517,
        "explain": {
          "family": "default",
          "line-height": "default",
          "size": "style body"
        }
      },
      "lines": [
        {
          "frame": 0,
          "text": {
            "start": 0,
            "end": 23
          },
          "preview": "The house was a little",
          "rect": {
            "origin": {
              "x": 0,
              "y": 0
            },
            "width": 133120,
            "height": 13517
          },
          "baseline": 10707,
          "width": 107879,
          "explanation": {
            "reason": "opportunity",
            "score": null,
            "adjustment": {
              "word_spacing": 0,
              "letter_spacing": 0
            },
            "reshaped": false
          },
          "runs": [
            {
              "range": {
                "start": 0,
                "end": 23
              },
              "face": {
                "family": "Source Serif Pro",
                "hash": "199c8adc83479480d9aa5d942afe8f52"
              },
              "size": 11264,
              "level": 0,
              "x": 0,
              "width": 110504
            }
          ]
        },
        {
          "frame": 0,
          "text": {
            "start": 23,
            "end": 49
          },
          "preview": "larger on the inside than",
          "rect": {
            "origin": {
              "x": 0,
              "y": 13517
            },
            "width": 133120,
            "height": 13517
          },
          "baseline": 24224,
          "width": 122986,
          "explanation": {
            "reason": "opportunity",
            "score": null,
            "adjustment": {
              "word_spacing": 0,
              "letter_spacing": 0
            },
            "reshaped": false
          },
          "runs": [
            {
              "range": {
                "start": 23,
                "end": 49
              },
              "face": {
                "family": "Source Serif Pro",
                "hash": "199c8adc83479480d9aa5d942afe8f52"
              },
              "size": 11264,
              "level": 0,
              "x": 0,
              "width": 125611
            }
          ]
        },
        {
          "frame": 0,
          "text": {
            "start": 49,
            "end": 72
          },
          "preview": "on the outside. Nobody",
          "rect": {
            "origin": {
              "x": 0,
              "y": 27034
            },
            "width": 133120,
            "height": 13517
          },
          "baseline": 37741,
          "width": 115729,
          "explanation": {
            "reason": "opportunity",
            "score": null,
            "adjustment": {
              "word_spacing": 0,
              "letter_spacing": 0
            },
            "reshaped": false
          },
          "runs": [
            {
              "range": {
                "start": 49,
                "end": 72
              },
              "face": {
                "family": "Source Serif Pro",
                "hash": "199c8adc83479480d9aa5d942afe8f52"
              },
              "size": 11264,
              "level": 0,
              "x": 0,
              "width": 118354
            }
          ]
        },
        {
          "frame": 0,
          "text": {
            "start": 72,
            "end": 98
          },
          "preview": "measured it at first; the",
          "rect": {
            "origin": {
              "x": 0,
              "y": 40551
            },
            "width": 133120,
            "height": 13517
          },
          "baseline": 51258,
          "width": 116373,
          "explanation": {
            "reason": "opportunity",
            "score": null,
            "adjustment": {
              "word_spacing": 0,
              "letter_spacing": 0
            },
            "reshaped": false
          },
          "runs": [
            {
              "range": {
                "start": 72,
                "end": 98
              },
              "face": {
                "family": "Source Serif Pro",
                "hash": "199c8adc83479480d9aa5d942afe8f52"
              },
              "size": 11264,
              "level": 0,
              "x": 0,
              "width": 118998
            }
          ]
        },
        {
          "frame": 0,
          "text": {
            "start": 98,
            "end": 123
          },
          "preview": "difference was a quarter",
          "rect": {
            "origin": {
              "x": 0,
              "y": 54068
            },
            "width": 133120,
            "height": 13517
          },
          "baseline": 64775,
          "width": 121520,
          "explanation": {
            "reason": "opportunity",
            "score": null,
            "adjustment": {
              "word_spacing": 0,
              "letter_spacing": 0
            },
            "reshaped": false
          },
          "runs": [
            {
              "range": {
                "start": 98,
                "end": 123
              },
              "face": {
                "family": "Source Serif Pro",
                "hash": "199c8adc83479480d9aa5d942afe8f52"
              },
              "size": 11264,
              "level": 0,
              "x": 0,
              "width": 124145
            }
          ]
        },
        {
          "frame": 0,
          "text": {
            "start": 123,
            "end": 149
          },
          "preview": "of an inch, and a quarter",
          "rect": {
            "origin": {
              "x": 0,
              "y": 67585
            },
            "width": 133120,
            "height": 13517
          },
          "baseline": 78292,
          "width": 123795,
          "explanation": {
            "reason": "opportunity",
            "score": null,
            "adjustment": {
              "word_spacing": 0,
              "letter_spacing": 0
            },
            "reshaped": false
          },
          "runs": [
            {
              "range": {
                "start": 123,
                "end": 149
              },
              "face": {
                "family": "Source Serif Pro",
                "hash": "199c8adc83479480d9aa5d942afe8f52"
              },
              "size": 11264,
              "level": 0,
              "x": 0,
              "width": 126420
            }
          ]
        },
        {
          "frame": 1,
          "text": {
            "start": 149,
            "end": 171
          },
          "preview": "of an inch is easy to",
          "rect": {
            "origin": {
              "x": 0,
              "y": 0
            },
            "width": 133120,
            "height": 13517
          },
          "baseline": 10707,
          "width": 98237,
          "explanation": {
            "reason": "opportunity",
            "score": null,
            "adjustment": {
              "word_spacing": 0,
              "letter_spacing": 0
            },
            "reshaped": false
          },
          "runs": [
            {
              "range": {
                "start": 149,
                "end": 171
              },
              "face": {
                "family": "Source Serif Pro",
                "hash": "199c8adc83479480d9aa5d942afe8f52"
              },
              "size": 11264,
              "level": 0,
              "x": 0,
              "width": 100862
            }
          ]
        },
        {
          "frame": 1,
          "text": {
            "start": 171,
            "end": 193
          },
          "preview": "forgive. Later a door",
          "rect": {
            "origin": {
              "x": 0,
              "y": 13517
            },
            "width": 133120,
            "height": 13517
          },
          "baseline": 24224,
          "width": 101682,
          "explanation": {
            "reason": "opportunity",
            "score": null,
            "adjustment": {
              "word_spacing": 0,
              "letter_spacing": 0
            },
            "reshaped": false
          },
          "runs": [
            {
              "range": {
                "start": 171,
                "end": 193
              },
              "face": {
                "family": "Source Serif Pro",
                "hash": "199c8adc83479480d9aa5d942afe8f52"
              },
              "size": 11264,
              "level": 0,
              "x": 0,
              "width": 104307
            }
          ]
        },
        {
          "frame": 1,
          "text": {
            "start": 193,
            "end": 218
          },
          "preview": "appeared in a wall where",
          "rect": {
            "origin": {
              "x": 0,
              "y": 27034
            },
            "width": 133120,
            "height": 13517
          },
          "baseline": 37741,
          "width": 125202,
          "explanation": {
            "reason": "opportunity",
            "score": null,
            "adjustment": {
              "word_spacing": 0,
              "letter_spacing": 0
            },
            "reshaped": false
          },
          "runs": [
            {
              "range": {
                "start": 193,
                "end": 218
              },
              "face": {
                "family": "Source Serif Pro",
                "hash": "199c8adc83479480d9aa5d942afe8f52"
              },
              "size": 11264,
              "level": 0,
              "x": 0,
              "width": 127827
            }
          ]
        },
        {
          "frame": 1,
          "text": {
            "start": 218,
            "end": 236
          },
          "preview": "no door had been,",
          "rect": {
            "origin": {
              "x": 0,
              "y": 40551
            },
            "width": 133120,
            "height": 13517
          },
          "baseline": 51258,
          "width": 91489,
          "explanation": {
            "reason": "opportunity",
            "score": null,
            "adjustment": {
              "word_spacing": 0,
              "letter_spacing": 0
            },
            "reshaped": false
          },
          "runs": [
            {
              "range": {
                "start": 218,
                "end": 236
              },
              "face": {
                "family": "Source Serif Pro",
                "hash": "199c8adc83479480d9aa5d942afe8f52"
              },
              "size": 11264,
              "level": 0,
              "x": 0,
              "width": 94114
            }
          ]
        },
        {
          "frame": 1,
          "text": {
            "start": 236,
            "end": 260
          },
          "preview": "opening onto a corridor",
          "rect": {
            "origin": {
              "x": 0,
              "y": 54068
            },
            "width": 133120,
            "height": 13517
          },
          "baseline": 64775,
          "width": 119538,
          "explanation": {
            "reason": "opportunity",
            "score": null,
            "adjustment": {
              "word_spacing": 0,
              "letter_spacing": 0
            },
            "reshaped": false
          },
          "runs": [
            {
              "range": {
                "start": 236,
                "end": 260
              },
              "face": {
                "family": "Source Serif Pro",
                "hash": "199c8adc83479480d9aa5d942afe8f52"
              },
              "size": 11264,
              "level": 0,
              "x": 0,
              "width": 122163
            }
          ]
        },
        {
          "frame": 1,
          "text": {
            "start": 260,
            "end": 286
          },
          "preview": "that went on further than",
          "rect": {
            "origin": {
              "x": 0,
              "y": 67585
            },
            "width": 133120,
            "height": 13517
          },
          "baseline": 78292,
          "width": 127187,
          "explanation": {
            "reason": "opportunity",
            "score": null,
            "adjustment": {
              "word_spacing": 0,
              "letter_spacing": 0
            },
            "reshaped": false
          },
          "runs": [
            {
              "range": {
                "start": 260,
                "end": 286
              },
              "face": {
                "family": "Source Serif Pro",
                "hash": "199c8adc83479480d9aa5d942afe8f52"
              },
              "size": 11264,
              "level": 0,
              "x": 0,
              "width": 129812
            }
          ]
        },
        {
          "frame": 3,
          "text": {
            "start": 286,
            "end": 312
          },
          "preview": "the house could hold. Its",
          "rect": {
            "origin": {
              "x": 0,
              "y": 0
            },
            "width": 133120,
            "height": 13517
          },
          "baseline": 10707,
          "width": 123177,
          "explanation": {
            "reason": "opportunity",
            "score": null,
            "adjustment": {
              "word_spacing": 0,
              "letter_spacing": 0
            },
            "reshaped": false
          },
          "runs": [
            {
              "range": {
                "start": 286,
                "end": 312
              },
              "face": {
                "family": "Source Serif Pro",
                "hash": "199c8adc83479480d9aa5d942afe8f52"
              },
              "size": 11264,
              "level": 0,
              "x": 0,
              "width": 125802
            }
          ]
        },
        {
          "frame": 3,
          "text": {
            "start": 312,
            "end": 334
          },
          "preview": "walls were smooth and",
          "rect": {
            "origin": {
              "x": 0,
              "y": 13517
            },
            "width": 133120,
            "height": 13517
          },
          "baseline": 24224,
          "width": 114772,
          "explanation": {
            "reason": "opportunity",
            "score": null,
            "adjustment": {
              "word_spacing": 0,
              "letter_spacing": 0
            },
            "reshaped": false
          },
          "runs": [
            {
              "range": {
                "start": 312,
                "end": 334
              },
              "face": {
                "family": "Source Serif Pro",
                "hash": "199c8adc83479480d9aa5d942afe8f52"
              },
              "size": 11264,
              "level": 0,
              "x": 0,
              "width": 117397
            }
          ]
        },
        {
          "frame": 3,
          "text": {
            "start": 334,
            "end": 362
          },
          "preview": "cold and the colour of ash.",
          "rect": {
            "origin": {
              "x": 0,
              "y": 27034
            },
            "width": 133120,
            "height": 13517
          },
          "baseline": 37741,
          "width": 132660,
          "explanation": {
            "reason": "opportunity",
            "score": null,
            "adjustment": {
              "word_spacing": 0,
              "letter_spacing": 0
            },
            "reshaped": true
          },
          "runs": [
            {
              "range": {
                "start": 334,
                "end": 362
              },
              "face": {
                "family": "Source Serif Pro",
                "hash": "199c8adc83479480d9aa5d942afe8f52"
              },
              "size": 11264,
              "level": 0,
              "x": 0,
              "width": 135285
            }
          ]
        },
        {
          "frame": 3,
          "text": {
            "start": 362,
            "end": 385
          },
          "preview": "The house was a little",
          "rect": {
            "origin": {
              "x": 0,
              "y": 40551
            },
            "width": 133120,
            "height": 13517
          },
          "baseline": 51258,
          "width": 107879,
          "explanation": {
            "reason": "opportunity",
            "score": null,
            "adjustment": {
              "word_spacing": 0,
              "letter_spacing": 0
            },
            "reshaped": true
          },
          "runs": [
            {
              "range": {
                "start": 362,
                "end": 385
              },
              "face": {
                "family": "Source Serif Pro",
                "hash": "199c8adc83479480d9aa5d942afe8f52"
              },
              "size": 11264,
              "level": 0,
              "x": 0,
              "width": 110504
            }
          ]
        },
        {
          "frame": 3,
          "text": {
            "start": 385,
            "end": 411
          },
          "preview": "larger on the inside than",
          "rect": {
            "origin": {
              "x": 0,
              "y": 54068
            },
            "width": 133120,
            "height": 13517
          },
          "baseline": 64775,
          "width": 122986,
          "explanation": {
            "reason": "opportunity",
            "score": null,
            "adjustment": {
              "word_spacing": 0,
              "letter_spacing": 0
            },
            "reshaped": false
          },
          "runs": [
            {
              "range": {
                "start": 385,
                "end": 411
              },
              "face": {
                "family": "Source Serif Pro",
                "hash": "199c8adc83479480d9aa5d942afe8f52"
              },
              "size": 11264,
              "level": 0,
              "x": 0,
              "width": 125611
            }
          ]
        },
        {
          "frame": 3,
          "text": {
            "start": 411,
            "end": 434
          },
          "preview": "on the outside. Nobody",
          "rect": {
            "origin": {
              "x": 0,
              "y": 67585
            },
            "width": 133120,
            "height": 13517
          },
          "baseline": 78292,
          "width": 115729,
          "explanation": {
            "reason": "opportunity",
            "score": null,
            "adjustment": {
              "word_spacing": 0,
              "letter_spacing": 0
            },
            "reshaped": false
          },
          "runs": [
            {
              "range": {
                "start": 411,
                "end": 434
              },
              "face": {
                "family": "Source Serif Pro",
                "hash": "199c8adc83479480d9aa5d942afe8f52"
              },
              "size": 11264,
              "level": 0,
              "x": 0,
              "width": 118354
            }
          ]
        },
        {
          "frame": 4,
          "text": {
            "start": 434,
            "end": 460
          },
          "preview": "measured it at first; the",
          "rect": {
            "origin": {
              "x": 0,
              "y": 0
            },
            "width": 133120,
            "height": 13517
          },
          "baseline": 10707,
          "width": 116373,
          "explanation": {
            "reason": "opportunity",
            "score": null,
            "adjustment": {
              "word_spacing": 0,
              "letter_spacing": 0
            },
            "reshaped": false
          },
          "runs": [
            {
              "range": {
                "start": 434,
                "end": 460
              },
              "face": {
                "family": "Source Serif Pro",
                "hash": "199c8adc83479480d9aa5d942afe8f52"
              },
              "size": 11264,
              "level": 0,
              "x": 0,
              "width": 118998
            }
          ]
        },
        {
          "frame": 4,
          "text": {
            "start": 460,
            "end": 485
          },
          "preview": "difference was a quarter",
          "rect": {
            "origin": {
              "x": 0,
              "y": 13517
            },
            "width": 133120,
            "height": 13517
          },
          "baseline": 24224,
          "width": 121520,
          "explanation": {
            "reason": "opportunity",
            "score": null,
            "adjustment": {
              "word_spacing": 0,
              "letter_spacing": 0
            },
            "reshaped": false
          },
          "runs": [
            {
              "range": {
                "start": 460,
                "end": 485
              },
              "face": {
                "family": "Source Serif Pro",
                "hash": "199c8adc83479480d9aa5d942afe8f52"
              },
              "size": 11264,
              "level": 0,
              "x": 0,
              "width": 124145
            }
          ]
        },
        {
          "frame": 4,
          "text": {
            "start": 485,
            "end": 511
          },
          "preview": "of an inch, and a quarter",
          "rect": {
            "origin": {
              "x": 0,
              "y": 27034
            },
            "width": 133120,
            "height": 13517
          },
          "baseline": 37741,
          "width": 123795,
          "explanation": {
            "reason": "opportunity",
            "score": null,
            "adjustment": {
              "word_spacing": 0,
              "letter_spacing": 0
            },
            "reshaped": false
          },
          "runs": [
            {
              "range": {
                "start": 485,
                "end": 511
              },
              "face": {
                "family": "Source Serif Pro",
                "hash": "199c8adc83479480d9aa5d942afe8f52"
              },
              "size": 11264,
              "level": 0,
              "x": 0,
              "width": 126420
            }
          ]
        },
        {
          "frame": 4,
          "text": {
            "start": 511,
            "end": 533
          },
          "preview": "of an inch is easy to",
          "rect": {
            "origin": {
              "x": 0,
              "y": 40551
            },
            "width": 133120,
            "height": 13517
          },
          "baseline": 51258,
          "width": 98237,
          "explanation": {
            "reason": "opportunity",
            "score": null,
            "adjustment": {
              "word_spacing": 0,
              "letter_spacing": 0
            },
            "reshaped": false
          },
          "runs": [
            {
              "range": {
                "start": 511,
                "end": 533
              },
              "face": {
                "family": "Source Serif Pro",
                "hash": "199c8adc83479480d9aa5d942afe8f52"
              },
              "size": 11264,
              "level": 0,
              "x": 0,
              "width": 100862
            }
          ]
        },
        {
          "frame": 4,
          "text": {
            "start": 533,
            "end": 555
          },
          "preview": "forgive. Later a door",
          "rect": {
            "origin": {
              "x": 0,
              "y": 54068
            },
            "width": 133120,
            "height": 13517
          },
          "baseline": 64775,
          "width": 101682,
          "explanation": {
            "reason": "opportunity",
            "score": null,
            "adjustment": {
              "word_spacing": 0,
              "letter_spacing": 0
            },
            "reshaped": false
          },
          "runs": [
            {
              "range": {
                "start": 533,
                "end": 555
              },
              "face": {
                "family": "Source Serif Pro",
                "hash": "199c8adc83479480d9aa5d942afe8f52"
              },
              "size": 11264,
              "level": 0,
              "x": 0,
              "width": 104307
            }
          ]
        },
        {
          "frame": 4,
          "text": {
            "start": 555,
            "end": 580
          },
          "preview": "appeared in a wall where",
          "rect": {
            "origin": {
              "x": 0,
              "y": 67585
            },
            "width": 133120,
            "height": 13517
          },
          "baseline": 78292,
          "width": 125202,
          "explanation": {
            "reason": "opportunity",
            "score": null,
            "adjustment": {
              "word_spacing": 0,
              "letter_spacing": 0
            },
            "reshaped": false
          },
          "runs": [
            {
              "range": {
                "start": 555,
                "end": 580
              },
              "face": {
                "family": "Source Serif Pro",
                "hash": "199c8adc83479480d9aa5d942afe8f52"
              },
              "size": 11264,
              "level": 0,
              "x": 0,
              "width": 127827
            }
          ]
        }
      ]
    },
    {
      "node": "2214@1",
      "kind": "annotation",
      "style": {
        "family": "Source Serif Pro",
        "size": 8448,
        "line_height": 10560,
        "explain": {
          "family": "default",
          "line-height": "style note",
          "size": "style note"
        }
      },
      "lines": [
        {
          "frame": 2,
          "text": {
            "start": 0,
            "end": 18
          },
          "preview": "On the first page.",
          "rect": {
            "origin": {
              "x": 0,
              "y": 0
            },
            "width": 102400,
            "height": 10560
          },
          "baseline": 8241,
          "width": 64270,
          "explanation": {
            "reason": "end",
            "score": null,
            "adjustment": {
              "word_spacing": 0,
              "letter_spacing": 0
            },
            "reshaped": false
          },
          "runs": [
            {
              "range": {
                "start": 0,
                "end": 18
              },
              "face": {
                "family": "Source Serif Pro",
                "hash": "199c8adc83479480d9aa5d942afe8f52"
              },
              "size": 8448,
              "level": 0,
              "x": 0,
              "width": 64270
            }
          ]
        }
      ]
    }
  ],
  "relations": [
    {
      "id": "2241@1",
      "schema": "reprise.follow",
      "owner": "2214@1",
      "status": "valid",
      "applied": true,
      "targets": [
        {
          "role": "line",
          "status": "valid",
          "resolved": {
            "line": {
              "node": "8@1",
              "line": 0
            }
          }
        }
      ]
    },
    {
      "id": "2273@1",
      "schema": "reprise.follow",
      "owner": "2243@1",
      "status": "missing",
      "applied": false,
      "targets": [
        {
          "role": "line",
          "status": "missing",
          "resolved": null
        }
      ]
    }
  ],
  "diagnostics": [
    {
      "severity": "error",
      "code": "layout.page-limit",
      "subject": {
        "kind": "document"
      },
      "message": "the text needs more than 2 pages; the rest was left out",
      "bytes": null
    },
    {
      "severity": "error",
      "code": "layout.text-unplaced",
      "subject": {
        "kind": "node",
        "id": "8@1"
      },
      "message": "bytes 580..2171 were not placed",
      "bytes": {
        "start": 580,
        "end": 2171
      }
    },
    {
      "severity": "error",
      "code": "layout.text-unplaced",
      "subject": {
        "kind": "node",
        "id": "2183@1"
      },
      "message": "bytes 0..27 were not placed",
      "bytes": {
        "start": 0,
        "end": 27
      }
    },
    {
      "severity": "error",
      "code": "relation.no-match",
      "subject": {
        "kind": "relation",
        "id": "2273@1"
      },
      "message": "layout has no answer for the query (not laid out, or past the edge)",
      "bytes": null
    },
    {
      "severity": "warning",
      "code": "layout.unplaced",
      "subject": {
        "kind": "node",
        "id": "2243@1"
      },
      "message": "no relation places this block; not drawn",
      "bytes": null
    }
  ]
}
